Archive member included to satisfy reference by file (symbol)

C:/ST/STM32CubeIDE_1.14.0/STM32CubeIDE/plugins/com.st.stm32cube.ide.mcu.externaltools.gnu-tools-for-stm32.11.3.rel1.win32_1.1.100.202309141235/tools/bin/../lib/gcc/arm-none-eabi/11.3.1/../../../../arm-none-eabi/lib/thumb/v7e-m+fp/hard\libc_nano.a(libc_a-exit.o)
                              C:/ST/STM32CubeIDE_1.14.0/STM32CubeIDE/plugins/com.st.stm32cube.ide.mcu.externaltools.gnu-tools-for-stm32.11.3.rel1.win32_1.1.100.202309141235/tools/bin/../lib/gcc/arm-none-eabi/11.3.1/../../../../arm-none-eabi/lib/thumb/v7e-m+fp/hard/crt0.o (exit)
C:/ST/STM32CubeIDE_1.14.0/STM32CubeIDE/plugins/com.st.stm32cube.ide.mcu.externaltools.gnu-tools-for-stm32.11.3.rel1.win32_1.1.100.202309141235/tools/bin/../lib/gcc/arm-none-eabi/11.3.1/../../../../arm-none-eabi/lib/thumb/v7e-m+fp/hard\libc_nano.a(libc_a-findfp.o)
                              C:/ST/STM32CubeIDE_1.14.0/STM32CubeIDE/plugins/com.st.stm32cube.ide.mcu.externaltools.gnu-tools-for-stm32.11.3.rel1.win32_1.1.100.202309141235/tools/bin/../lib/gcc/arm-none-eabi/11.3.1/../../../../arm-none-eabi/lib/thumb/v7e-m+fp/hard\libc_nano.a(libc_a-exit.o) (__stdio_exit_handler)
C:/ST/STM32CubeIDE_1.14.0/STM32CubeIDE/plugins/com.st.stm32cube.ide.mcu.externaltools.gnu-tools-for-stm32.11.3.rel1.win32_1.1.100.202309141235/tools/bin/../lib/gcc/arm-none-eabi/11.3.1/../../../../arm-none-eabi/lib/thumb/v7e-m+fp/hard\libc_nano.a(libc_a-fwalk.o)
                              C:/ST/STM32CubeIDE_1.14.0/STM32CubeIDE/plugins/com.st.stm32cube.ide.mcu.externaltools.gnu-tools-for-stm32.11.3.rel1.win32_1.1.100.202309141235/tools/bin/../lib/gcc/arm-none-eabi/11.3.1/../../../../arm-none-eabi/lib/thumb/v7e-m+fp/hard\libc_nano.a(libc_a-findfp.o) (_fwalk_sglue)
C:/ST/STM32CubeIDE_1.14.0/STM32CubeIDE/plugins/com.st.stm32cube.ide.mcu.externaltools.gnu-tools-for-stm32.11.3.rel1.win32_1.1.100.202309141235/tools/bin/../lib/gcc/arm-none-eabi/11.3.1/../../../../arm-none-eabi/lib/thumb/v7e-m+fp/hard\libc_nano.a(libc_a-stdio.o)
                              C:/ST/STM32CubeIDE_1.14.0/STM32CubeIDE/plugins/com.st.stm32cube.ide.mcu.externaltools.gnu-tools-for-stm32.11.3.rel1.win32_1.1.100.202309141235/tools/bin/../lib/gcc/arm-none-eabi/11.3.1/../../../../arm-none-eabi/lib/thumb/v7e-m+fp/hard\libc_nano.a(libc_a-findfp.o) (__sread)
C:/ST/STM32CubeIDE_1.14.0/STM32CubeIDE/plugins/com.st.stm32cube.ide.mcu.externaltools.gnu-tools-for-stm32.11.3.rel1.win32_1.1.100.202309141235/tools/bin/../lib/gcc/arm-none-eabi/11.3.1/../../../../arm-none-eabi/lib/thumb/v7e-m+fp/hard\libc_nano.a(libc_a-memset.o)
                              C:/ST/STM32CubeIDE_1.14.0/STM32CubeIDE/plugins/com.st.stm32cube.ide.mcu.externaltools.gnu-tools-for-stm32.11.3.rel1.win32_1.1.100.202309141235/tools/bin/../lib/gcc/arm-none-eabi/11.3.1/../../../../arm-none-eabi/lib/thumb/v7e-m+fp/hard/crt0.o (memset)
C:/ST/STM32CubeIDE_1.14.0/STM32CubeIDE/plugins/com.st.stm32cube.ide.mcu.externaltools.gnu-tools-for-stm32.11.3.rel1.win32_1.1.100.202309141235/tools/bin/../lib/gcc/arm-none-eabi/11.3.1/../../../../arm-none-eabi/lib/thumb/v7e-m+fp/hard\libc_nano.a(libc_a-closer.o)
                              C:/ST/STM32CubeIDE_1.14.0/STM32CubeIDE/plugins/com.st.stm32cube.ide.mcu.externaltools.gnu-tools-for-stm32.11.3.rel1.win32_1.1.100.202309141235/tools/bin/../lib/gcc/arm-none-eabi/11.3.1/../../../../arm-none-eabi/lib/thumb/v7e-m+fp/hard\libc_nano.a(libc_a-stdio.o) (_close_r)
C:/ST/STM32CubeIDE_1.14.0/STM32CubeIDE/plugins/com.st.stm32cube.ide.mcu.externaltools.gnu-tools-for-stm32.11.3.rel1.win32_1.1.100.202309141235/tools/bin/../lib/gcc/arm-none-eabi/11.3.1/../../../../arm-none-eabi/lib/thumb/v7e-m+fp/hard\libc_nano.a(libc_a-reent.o)
                              C:/ST/STM32CubeIDE_1.14.0/STM32CubeIDE/plugins/com.st.stm32cube.ide.mcu.externaltools.gnu-tools-for-stm32.11.3.rel1.win32_1.1.100.202309141235/tools/bin/../lib/gcc/arm-none-eabi/11.3.1/../../../../arm-none-eabi/lib/thumb/v7e-m+fp/hard\libc_nano.a(libc_a-closer.o) (errno)
C:/ST/STM32CubeIDE_1.14.0/STM32CubeIDE/plugins/com.st.stm32cube.ide.mcu.externaltools.gnu-tools-for-stm32.11.3.rel1.win32_1.1.100.202309141235/tools/bin/../lib/gcc/arm-none-eabi/11.3.1/../../../../arm-none-eabi/lib/thumb/v7e-m+fp/hard\libc_nano.a(libc_a-impure.o)
                              C:/ST/STM32CubeIDE_1.14.0/STM32CubeIDE/plugins/com.st.stm32cube.ide.mcu.externaltools.gnu-tools-for-stm32.11.3.rel1.win32_1.1.100.202309141235/tools/bin/../lib/gcc/arm-none-eabi/11.3.1/../../../../arm-none-eabi/lib/thumb/v7e-m+fp/hard\libc_nano.a(libc_a-reent.o) (_impure_ptr)
C:/ST/STM32CubeIDE_1.14.0/STM32CubeIDE/plugins/com.st.stm32cube.ide.mcu.externaltools.gnu-tools-for-stm32.11.3.rel1.win32_1.1.100.202309141235/tools/bin/../lib/gcc/arm-none-eabi/11.3.1/../../../../arm-none-eabi/lib/thumb/v7e-m+fp/hard\libc_nano.a(libc_a-lseekr.o)
[...]
Memory Configuration

Name             Origin             Length             Attributes
RAM              0x0000000020000000 0x0000000000018000 xrw
RAM2             0x0000000010000000 0x0000000000008000 xrw
FLASH            0x0000000008000000 0x0000000000100000 xr
*default*        0x0000000000000000 0xffffffffffffffff

Linker script and memory map

LOAD C:/ST/STM32CubeIDE_1.14.0/STM32CubeIDE/plugins/com.st.stm32cube.ide.mcu.externaltools.gnu-tools-for-stm32.11.3.rel1.win32_1.1.100.202309141235/tools/bin/../lib/gcc/arm-none-eabi/11.3.1/thumb/v7e-m+fp/hard/crti.o
LOAD C:/ST/STM32CubeIDE_1.14.0/STM32CubeIDE/plugins/com.st.stm32cube.ide.mcu.externaltools.gnu-tools-for-stm32.11.3.rel1.win32_1.1.100.202309141235/tools/bin/../lib/gcc/arm-none-eabi/11.3.1/thumb/v7e-m+fp/hard/crtbegin.o
LOAD C:/ST/STM32CubeIDE_1.14.0/STM32CubeIDE/plugins/com.st.stm32cube.ide.mcu.externaltools.gnu-tools-for-stm32.11.3.rel1.win32_1.1.100.202309141235/tools/bin/../lib/gcc/arm-none-eabi/11.3.1/../../../../arm-none-eabi/lib/thumb/v7e-m+fp/hard/crt0.o
LOAD ./Core/Src/hd44780.o
LOAD ./Core/Src/main.o
LOAD ./Core/Src/stm32l4xx_hal_msp.o
LOAD ./Core/Src/stm32l4xx_it.o
LOAD ./Core/Src/syscalls.o
LOAD ./Core/Src/sysmem.o
LOAD ./Core/Src/system_stm32l4xx.o
LOAD ./Core/Startup/startup_stm32l475vgtx.o
LOAD ./Drivers/STM32L4xx_HAL_Driver/Src/stm32l4xx_hal.o
LOAD ./Drivers/STM32L4xx_HAL_Driver/Src/stm32l4xx_hal_cortex.o
LOAD ./Drivers/STM32L4xx_HAL_Driver/Src/stm32l4xx_hal_dfsdm.o
LOAD ./Drivers/STM32L4xx_HAL_Driver/Src/stm32l4xx_hal_dma.o
LOAD ./Drivers/STM32L4xx_HAL_Driver/Src/stm32l4xx_hal_dma_ex.o
LOAD ./Drivers/STM32L4xx_HAL_Driver/Src/stm32l4xx_hal_exti.o
LOAD ./Drivers/STM32L4xx_HAL_Driver/Src/stm32l4xx_hal_flash.o
LOAD ./Drivers/STM32L4xx_HAL_Driver/Src/stm32l4xx_hal_flash_ex.o
LOAD ./Drivers/STM32L4xx_HAL_Driver/Src/stm32l4xx_hal_flash_ramfunc.o
LOAD ./Drivers/STM32L4xx_HAL_Driver/Src/stm32l4xx_hal_gpio.o
LOAD ./Drivers/STM32L4xx_HAL_Driver/Src/stm32l4xx_hal_i2c.o
LOAD ./Drivers/STM32L4xx_HAL_Driver/Src/stm32l4xx_hal_i2c_ex.o
LOAD ./Drivers/STM32L4xx_HAL_Driver/Src/stm32l4xx_hal_pcd.o
LOAD ./Drivers/STM32L4xx_HAL_Driver/Src/stm32l4xx_hal_pcd_ex.o
LOAD ./Drivers/STM32L4xx_HAL_Driver/Src/stm32l4xx_hal_pwr.o
LOAD ./Drivers/STM32L4xx_HAL_Driver/Src/stm32l4xx_hal_pwr_ex.o
LOAD ./Drivers/STM32L4xx_HAL_Driver/Src/stm32l4xx_hal_qspi.o
LOAD ./Drivers/STM32L4xx_HAL_Driver/Src/stm32l4xx_hal_rcc.o
LOAD ./Drivers/STM32L4xx_HAL_Driver/Src/stm32l4xx_hal_rcc_ex.o
LOAD ./Drivers/STM32L4xx_HAL_Driver/Src/stm32l4xx_hal_spi.o
LOAD ./Drivers/STM32L4xx_HAL_Driver/Src/stm32l4xx_hal_spi_ex.o
LOAD ./Drivers/STM32L4xx_HAL_Driver/Src/stm32l4xx_hal_tim.o
LOAD ./Drivers/STM32L4xx_HAL_Driver/Src/stm32l4xx_hal_tim_ex.o
LOAD ./Drivers/STM32L4xx_HAL_Driver/Src/stm32l4xx_hal_uart.o
LOAD ./Drivers/STM32L4xx_HAL_Driver/Src/stm32l4xx_hal_uart_ex.o
LOAD ./Drivers/STM32L4xx_HAL_Driver/Src/stm32l4xx_ll_exti.o
LOAD ./Drivers/STM32L4xx_HAL_Driver/Src/stm32l4xx_ll_gpio.o
LOAD ./Drivers/STM32L4xx_HAL_Driver/Src/stm32l4xx_ll_usb.o
LOAD ./Drivers/STM32L4xx_HAL_Driver/Src/stm32l4xx_ll_utils.o
START GROUP
LOAD C:/ST/STM32CubeIDE_1.14.0/STM32CubeIDE/plugins/com.st.stm32cube.ide.mcu.externaltools.gnu-tools-for-stm32.11.3.rel1.win32_1.1.100.202309141235/tools/bin/../lib/gcc/arm-none-eabi/11.3.1/../../../../arm-none-eabi/lib/thumb/v7e-m+fp/hard\libc_nano.a
LOAD C:/ST/STM32CubeIDE_1.14.0/STM32CubeIDE/plugins/com.st.stm32cube.ide.mcu.externaltools.gnu-tools-for-stm32.11.3.rel1.win32_1.1.100.202309141235/tools/bin/../lib/gcc/arm-none-eabi/11.3.1/../../../../arm-none-eabi/lib/thumb/v7e-m+fp/hard\libm.a
END GROUP
START GROUP
LOAD C:/ST/STM32CubeIDE_1.14.0/STM32CubeIDE/plugins/com.st.stm32cube.ide.mcu.externaltools.gnu-tools-for-stm32.11.3.rel1.win32_1.1.100.202309141235/tools/bin/../lib/gcc/arm-none-eabi/11.3.1/thumb/v7e-m+fp/hard\libgcc.a
LOAD C:/ST/STM32CubeIDE_1.14.0/STM32CubeIDE/plugins/com.st.stm32cube.ide.mcu.externaltools.gnu-tools-for-stm32.11.3.rel1.win32_1.1.100.202309141235/tools/bin/../lib/gcc/arm-none-eabi/11.3.1/../../../../arm-none-eabi/lib/thumb/v7e-m+fp/hard\libc_nano.a
END GROUP
START GROUP
LOAD C:/ST/STM32CubeIDE_1.14.0/STM32CubeIDE/plugins/com.st.stm32cube.ide.mcu.externaltools.gnu-tools-for-stm32.11.3.rel1.win32_1.1.100.202309141235/tools/bin/../lib/gcc/arm-none-eabi/11.3.1/thumb/v7e-m+fp/hard\libgcc.a
LOAD C:/ST/STM32CubeIDE_1.14.0/STM32CubeIDE/plugins/com.st.stm32cube.ide.mcu.externaltools.gnu-tools-for-stm32.11.3.rel1.win32_1.1.100.202309141235/tools/bin/../lib/gcc/arm-none-eabi/11.3.1/../../../../arm-none-eabi/lib/thumb/v7e-m+fp/hard\libc_nano.a
LOAD C:/ST/STM32CubeIDE_1.14.0/STM32CubeIDE/plugins/com.st.stm32cube.ide.mcu.externaltools.gnu-tools-for-stm32.11.3.rel1.win32_1.1.100.202309141235/tools/bin/../lib/gcc/arm-none-eabi/11.3.1/../../../../arm-none-eabi/lib/thumb/v7e-m+fp/hard\libnosys.a
END GROUP
START GROUP
LOAD C:/ST/STM32CubeIDE_1.14.0/STM32CubeIDE/plugins/com.st.stm32cube.ide.mcu.externaltools.gnu-tools-for-stm32.11.3.rel1.win32_1.1.100.202309141235/tools/bin/../lib/gcc/arm-none-eabi/11.3.1/thumb/v7e-m+fp/hard\libgcc.a
LOAD C:/ST/STM32CubeIDE_1.14.0/STM32CubeIDE/plugins/com.st.stm32cube.ide.mcu.externaltools.gnu-tools-for-stm32.11.3.rel1.win32_1.1.100.202309141235/tools/bin/../lib/gcc/arm-none-eabi/11.3.1/../../../../arm-none-eabi/lib/thumb/v7e-m+fp/hard\libc_nano.a
LOAD C:/ST/STM32CubeIDE_1.14.0/STM32CubeIDE/plugins/com.st.stm32cube.ide.mcu.externaltools.gnu-tools-for-stm32.11.3.rel1.win32_1.1.100.202309141235/tools/bin/../lib/gcc/arm-none-eabi/11.3.1/../../../../arm-none-eabi/lib/thumb/v7e-m+fp/hard\libnosys.a
END GROUP
LOAD C:/ST/STM32CubeIDE_1.14.0/STM32CubeIDE/plugins/com.st.stm32cube.ide.mcu.externaltools.gnu-tools-for-stm32.11.3.rel1.win32_1.1.100.202309141235/tools/bin/../lib/gcc/arm-none-eabi/11.3.1/thumb/v7e-m+fp/hard/crtend.o
LOAD C:/ST/STM32CubeIDE_1.14.0/STM32CubeIDE/plugins/com.st.stm32cube.ide.mcu.externaltools.gnu-tools-for-stm32.11.3.rel1.win32_1.1.100.202309141235/tools/bin/../lib/gcc/arm-none-eabi/11.3.1/thumb/v7e-m+fp/hard/crtn.o
                0x0000000020018000                _estack = (ORIGIN (RAM) + LENGTH (RAM))
                0x0000000000000200                _Min_Heap_Size = 0x200
                0x0000000000000400                _Min_Stack_Size = 0x400

.isr_vector     0x0000000008000000      0x188
                0x0000000008000000                . = ALIGN (0x4)
 *(.isr_vector)
 .isr_vector    0x0000000008000000      0x188 ./Core/Startup/startup_stm32l475vgtx.o
                0x0000000008000000                g_pfnVectors
                0x0000000008000188                . = ALIGN (0x4)

.text           0x0000000008000188     0x5c44
                0x0000000008000188                . = ALIGN (0x4)
 *(.text)
 .text          0x0000000008000188       0x40 C:/ST/STM32CubeIDE_1.14.0/STM32CubeIDE/plugins/com.st.stm32cube.ide.mcu.externaltools.gnu-tools-for-stm32.11.3.rel1.win32_1.1.100.202309141235/tools/bin/../lib/gcc/arm-none-eabi/11.3.1/thumb/v7e-m+fp/hard/crtbegin.o
 .text          0x00000000080001c8       0x30 C:/ST/STM32CubeIDE_1.14.0/STM32CubeIDE/plugins/com.st.stm32cube.ide.mcu.externaltools.gnu-tools-for-stm32.11.3.rel1.win32_1.1.100.202309141235/tools/bin/../lib/gcc/arm-none-eabi/11.3.1/thumb/v7e-m+fp/hard\libgcc.a(_aeabi_uldivmod.o)
                0x00000000080001c8                __aeabi_uldivmod
 .text          0x00000000080001f8      0x2c8 C:/ST/STM32CubeIDE_1.14.0/STM32CubeIDE/plugins/com.st.stm32cube.ide.mcu.externaltools.gnu-tools-for-stm32.11.3.rel1.win32_1.1.100.202309141235/tools/bin/../lib/gcc/arm-none-eabi/11.3.1/thumb/v7e-m+fp/hard\libgcc.a(_udivmoddi4.o)
                0x00000000080001f8                __udivmoddi4
 .text          0x00000000080004c0        0x4 C:/ST/STM32CubeIDE_1.14.0/STM32CubeIDE/plugins/com.st.stm32cube.ide.mcu.externaltools.gnu-tools-for-stm32.11.3.rel1.win32_1.1.100.202309141235/tools/bin/../lib/gcc/arm-none-eabi/11.3.1/thumb/v7e-m+fp/hard\libgcc.a(_dvmd_tls.o)
                0x00000000080004c0                __aeabi_idiv0
                0x00000000080004c0                __aeabi_ldiv0
 *(.text*)
 .text.LL_GPIO_SetOutputPin
                0x00000000080004c4       0x1c ./Core/Src/hd44780.o
 .text.LL_GPIO_ResetOutputPin
                0x00000000080004e0       0x1c ./Core/Src/hd44780.o
 .text.lcd_clock
                0x00000000080004fc       0x26 ./Core/Src/hd44780.o
                0x00000000080004fc                lcd_clock
 *fill*         0x0000000008000522        0x2 
 .text.lcd_reset
                0x0000000008000524       0x68 ./Core/Src/hd44780.o
                0x0000000008000524                lcd_reset
 .text.lcd_write
                0x000000000800058c      0x148 ./Core/Src/hd44780.o
                0x000000000800058c                lcd_write
 .text.lcd_clear
                0x00000000080006d4       0x24 ./Core/Src/hd44780.o
                0x00000000080006d4                lcd_clear
 .text.lcd_display_settings
                0x00000000080006f8       0x42 ./Core/Src/hd44780.o
                0x00000000080006f8                lcd_display_settings
 .text.lcd_display_address
                0x000000000800073a       0x22 ./Core/Src/hd44780.o
                0x000000000800073a                lcd_display_address
 .text.lcd_cgram_address
                0x000000000800075c       0x22 ./Core/Src/hd44780.o
                0x000000000800075c                lcd_cgram_address
 *fill*         0x000000000800077e        0x2 
 .text.lcd_print
                0x0000000008000780       0xe4 ./Core/Src/hd44780.o
                0x0000000008000780                lcd_print
 .text.moveToXY
                0x0000000008000864       0xfc ./Core/Src/hd44780.o
                0x0000000008000864                moveToXY
 .text.__NVIC_GetPriorityGrouping
                0x0000000008000960       0x1c ./Core/Src/main.o
 .text.__NVIC_EnableIRQ
                0x000000000800097c       0x3c ./Core/Src/main.o
 .text.__NVIC_SetPriority
                0x00000000080009b8       0x54 ./Core/Src/main.o
 .text.NVIC_EncodePriority
                0x0000000008000a0c       0x66 ./Core/Src/main.o
 *fill*         0x0000000008000a72        0x2 
 .text.LL_SYSCFG_SetEXTISource
                0x0000000008000a74       0x6c ./Core/Src/main.o
 .text.LL_GPIO_SetPinMode
                0x0000000008000ae0       0x7a ./Core/Src/main.o
 .text.LL_GPIO_SetPinPull
                0x0000000008000b5a       0x7a ./Core/Src/main.o
 .text.LL_GPIO_EnablePinAnalogControl
                0x0000000008000bd4       0x22 ./Core/Src/main.o
 .text.LL_GPIO_IsInputPinSet
                0x0000000008000bf6       0x2a ./Core/Src/main.o
 .text.LL_GPIO_SetOutputPin
                0x0000000008000c20       0x1c ./Core/Src/main.o
 .text.LL_GPIO_ResetOutputPin
                0x0000000008000c3c       0x1c ./Core/Src/main.o
 .text.LL_AHB2_GRP1_EnableClock
                0x0000000008000c58       0x30 ./Core/Src/main.o
 .text.main     0x0000000008000c88      0x1a4 ./Core/Src/main.o
                0x0000000008000c88                main
 .text.SystemClock_Config
                0x0000000008000e2c       0xc4 ./Core/Src/main.o
                0x0000000008000e2c                SystemClock_Config
 .text.MX_DFSDM1_Init
                0x0000000008000ef0       0x70 ./Core/Src/main.o
 .text.MX_I2C2_Init
                0x0000000008000f60       0x7c ./Core/Src/main.o
 .text.MX_QUADSPI_Init
                0x0000000008000fdc       0x4c ./Core/Src/main.o
 .text.MX_SPI3_Init
                0x0000000008001028       0x7c ./Core/Src/main.o
 .text.MX_USART1_UART_Init
                0x00000000080010a4       0x60 ./Core/Src/main.o
 .text.MX_USART3_UART_Init
                0x0000000008001104       0x60 ./Core/Src/main.o
 .text.MX_USB_OTG_FS_PCD_Init
                0x0000000008001164       0x5c ./Core/Src/main.o
 .text.MX_GPIO_Init
                0x00000000080011c0      0x5fc ./Core/Src/main.o
 .text.Error_Handler
                0x00000000080017bc        0xa ./Core/Src/main.o
                0x00000000080017bc                Error_Handler
 *fill*         0x00000000080017c6        0x2 
 .text.HAL_MspInit
                0x00000000080017c8       0x48 ./Core/Src/stm32l4xx_hal_msp.o
                0x00000000080017c8                HAL_MspInit
 .text.HAL_DFSDM_ChannelMspInit
                0x0000000008001810       0xc8 ./Core/Src/stm32l4xx_hal_msp.o
                0x0000000008001810                HAL_DFSDM_ChannelMspInit
 .text.HAL_I2C_MspInit
                0x00000000080018d8       0xbc ./Core/Src/stm32l4xx_hal_msp.o
                0x00000000080018d8                HAL_I2C_MspInit
 .text.HAL_QSPI_MspInit
                0x0000000008001994       0x88 ./Core/Src/stm32l4xx_hal_msp.o
                0x0000000008001994                HAL_QSPI_MspInit
 .text.HAL_SPI_MspInit
                0x0000000008001a1c       0x88 ./Core/Src/stm32l4xx_hal_msp.o
                0x0000000008001a1c                HAL_SPI_MspInit
 .text.HAL_UART_MspInit
                0x0000000008001aa4      0x148 ./Core/Src/stm32l4xx_hal_msp.o
                0x0000000008001aa4                HAL_UART_MspInit
 .text.HAL_PCD_MspInit
                0x0000000008001bec      0x138 ./Core/Src/stm32l4xx_hal_msp.o
                0x0000000008001bec                HAL_PCD_MspInit
 .text.LL_EXTI_IsActiveFlag_0_31
                0x0000000008001d24       0x2c ./Core/Src/stm32l4xx_it.o
 .text.LL_EXTI_ClearFlag_0_31
                0x0000000008001d50       0x20 ./Core/Src/stm32l4xx_it.o
 .text.NMI_Handler
                0x0000000008001d70        0x6 ./Core/Src/stm32l4xx_it.o
                0x0000000008001d70                NMI_Handler
 .text.HardFault_Handler
                0x0000000008001d76        0x6 ./Core/Src/stm32l4xx_it.o
                0x0000000008001d76                HardFault_Handler
 .text.MemManage_Handler
                0x0000000008001d7c        0x6 ./Core/Src/stm32l4xx_it.o
                0x0000000008001d7c                MemManage_Handler
 .text.BusFault_Handler
                0x0000000008001d82        0x6 ./Core/Src/stm32l4xx_it.o
                0x0000000008001d82                BusFault_Handler
 .text.UsageFault_Handler
                0x0000000008001d88        0x6 ./Core/Src/stm32l4xx_it.o
                0x0000000008001d88                UsageFault_Handler
 .text.SVC_Handler
                0x0000000008001d8e        0xe ./Core/Src/stm32l4xx_it.o
                0x0000000008001d8e                SVC_Handler
 .text.DebugMon_Handler
                0x0000000008001d9c        0xe ./Core/Src/stm32l4xx_it.o
                0x0000000008001d9c                DebugMon_Handler
 .text.PendSV_Handler
                0x0000000008001daa        0xe ./Core/Src/stm32l4xx_it.o
                0x0000000008001daa                PendSV_Handler
 .text.SysTick_Handler
                0x0000000008001db8        0xc ./Core/Src/stm32l4xx_it.o
                0x0000000008001db8                SysTick_Handler
 .text.EXTI9_5_IRQHandler
                0x0000000008001dc4       0x54 ./Core/Src/stm32l4xx_it.o
                0x0000000008001dc4                EXTI9_5_IRQHandler
 .text.EXTI15_10_IRQHandler
                0x0000000008001e18       0x76 ./Core/Src/stm32l4xx_it.o
                0x0000000008001e18                EXTI15_10_IRQHandler
 *fill*         0x0000000008001e8e        0x2 
 .text.SystemInit
                0x0000000008001e90       0x24 ./Core/Src/system_stm32l4xx.o
                0x0000000008001e90                SystemInit
 .text.Reset_Handler
                0x0000000008001eb4       0x50 ./Core/Startup/startup_stm32l475vgtx.o
                0x0000000008001eb4                Reset_Handler
 .text.Default_Handler
                0x0000000008001f04        0x2 ./Core/Startup/startup_stm32l475vgtx.o
                0x0000000008001f04                RTC_Alarm_IRQHandler
                0x0000000008001f04                EXTI2_IRQHandler
                0x0000000008001f04                TIM8_TRG_COM_IRQHandler
                0x0000000008001f04                TIM8_CC_IRQHandler
                0x0000000008001f04                TIM1_CC_IRQHandler
                0x0000000008001f04                TSC_IRQHandler
                0x0000000008001f04                TAMP_STAMP_IRQHandler
                0x0000000008001f04                EXTI3_IRQHandler
                0x0000000008001f04                LPTIM2_IRQHandler
                0x0000000008001f04                DFSDM1_FLT1_IRQHandler
                0x0000000008001f04                I2C3_ER_IRQHandler
                0x0000000008001f04                DFSDM1_FLT2_IRQHandler
                0x0000000008001f04                EXTI0_IRQHandler
                0x0000000008001f04                I2C2_EV_IRQHandler
                0x0000000008001f04                CAN1_RX0_IRQHandler
                0x0000000008001f04                FPU_IRQHandler
                0x0000000008001f04                TIM1_UP_TIM16_IRQHandler
                0x0000000008001f04                ADC1_2_IRQHandler
                0x0000000008001f04                SPI1_IRQHandler
                0x0000000008001f04                TIM6_DAC_IRQHandler
                0x0000000008001f04                TIM8_UP_IRQHandler
                0x0000000008001f04                DMA2_Channel2_IRQHandler
                0x0000000008001f04                DMA1_Channel4_IRQHandler
                0x0000000008001f04                SAI2_IRQHandler
                0x0000000008001f04                DFSDM1_FLT3_IRQHandler
                0x0000000008001f04                USART3_IRQHandler
                0x0000000008001f04                DMA1_Channel7_IRQHandler
                0x0000000008001f04                CAN1_RX1_IRQHandler
                0x0000000008001f04                UART5_IRQHandler
                0x0000000008001f04                ADC3_IRQHandler
                0x0000000008001f04                TIM4_IRQHandler
                0x0000000008001f04                DMA2_Channel1_IRQHandler
                0x0000000008001f04                QUADSPI_IRQHandler
                0x0000000008001f04                I2C1_EV_IRQHandler
                0x0000000008001f04                DMA1_Channel6_IRQHandler
                0x0000000008001f04                UART4_IRQHandler
                0x0000000008001f04                DMA2_Channel4_IRQHandler
                0x0000000008001f04                TIM3_IRQHandler
                0x0000000008001f04                RCC_IRQHandler
                0x0000000008001f04                DMA1_Channel1_IRQHandler
                0x0000000008001f04                Default_Handler
                0x0000000008001f04                DMA2_Channel7_IRQHandler
                0x0000000008001f04                TIM7_IRQHandler
                0x0000000008001f04                SDMMC1_IRQHandler
                0x0000000008001f04                TIM5_IRQHandler
                0x0000000008001f04                I2C3_EV_IRQHandler
                0x0000000008001f04                RTC_WKUP_IRQHandler
                0x0000000008001f04                PVD_PVM_IRQHandler
                0x0000000008001f04                SPI2_IRQHandler
                0x0000000008001f04                CAN1_TX_IRQHandler
                0x0000000008001f04                DMA2_Channel5_IRQHandler
                0x0000000008001f04                DMA1_Channel5_IRQHandler
                0x0000000008001f04                EXTI4_IRQHandler
                0x0000000008001f04                RNG_IRQHandler
                0x0000000008001f04                TIM1_TRG_COM_TIM17_IRQHandler
                0x0000000008001f04                DMA1_Channel3_IRQHandler
                0x0000000008001f04                COMP_IRQHandler
                0x0000000008001f04                WWDG_IRQHandler
                0x0000000008001f04                LPUART1_IRQHandler
                0x0000000008001f04                DMA2_Channel6_IRQHandler
                0x0000000008001f04                TIM2_IRQHandler
                0x0000000008001f04                EXTI1_IRQHandler
                0x0000000008001f04                USART2_IRQHandler
                0x0000000008001f04                DFSDM1_FLT0_IRQHandler
                0x0000000008001f04                I2C2_ER_IRQHandler
                0x0000000008001f04                DMA1_Channel2_IRQHandler
                0x0000000008001f04                TIM8_BRK_IRQHandler
                0x0000000008001f04                CAN1_SCE_IRQHandler
                0x0000000008001f04                FLASH_IRQHandler
                0x0000000008001f04                USART1_IRQHandler
                0x0000000008001f04                OTG_FS_IRQHandler
                0x0000000008001f04                SPI3_IRQHandler
                0x0000000008001f04                I2C1_ER_IRQHandler
                0x0000000008001f04                FMC_IRQHandler
                0x0000000008001f04                SWPMI1_IRQHandler
                0x0000000008001f04                LPTIM1_IRQHandler
                0x0000000008001f04                SAI1_IRQHandler
                0x0000000008001f04                DMA2_Channel3_IRQHandler
                0x0000000008001f04                TIM1_BRK_TIM15_IRQHandler
 .text.HAL_Init
                0x0000000008001f06       0x30 ./Drivers/STM32L4xx_HAL_Driver/Src/stm32l4xx_hal.o
                0x0000000008001f06                HAL_Init
 *fill*         0x0000000008001f36        0x2 
 .text.HAL_InitTick
                0x0000000008001f38       0x78 ./Drivers/STM32L4xx_HAL_Driver/Src/stm32l4xx_hal.o
                0x0000000008001f38                HAL_InitTick
 .text.HAL_IncTick
                0x0000000008001fb0       0x28 ./Drivers/STM32L4xx_HAL_Driver/Src/stm32l4xx_hal.o
                0x0000000008001fb0                HAL_IncTick
 .text.HAL_GetTick
                0x0000000008001fd8       0x18 ./Drivers/STM32L4xx_HAL_Driver/Src/stm32l4xx_hal.o
                0x0000000008001fd8                HAL_GetTick
 .text.HAL_Delay
                0x0000000008001ff0       0x48 ./Drivers/STM32L4xx_HAL_Driver/Src/stm32l4xx_hal.o
                0x0000000008001ff0                HAL_Delay
 .text.__NVIC_SetPriorityGrouping
                0x0000000008002038       0x48 ./Drivers/STM32L4xx_HAL_Driver/Src/stm32l4xx_hal_cortex.o
 .text.__NVIC_GetPriorityGrouping
                0x0000000008002080       0x1c ./Drivers/STM32L4xx_HAL_Driver/Src/stm32l4xx_hal_cortex.o
 .text.__NVIC_SetPriority
                0x000000000800209c       0x54 ./Drivers/STM32L4xx_HAL_Driver/Src/stm32l4xx_hal_cortex.o
 .text.NVIC_EncodePriority
                0x00000000080020f0       0x66 ./Drivers/STM32L4xx_HAL_Driver/Src/stm32l4xx_hal_cortex.o
 *fill*         0x0000000008002156        0x2 
 .text.SysTick_Config
                0x0000000008002158       0x44 ./Drivers/STM32L4xx_HAL_Driver/Src/stm32l4xx_hal_cortex.o
 .text.HAL_NVIC_SetPriorityGrouping
                0x000000000800219c       0x16 ./Drivers/STM32L4xx_HAL_Driver/Src/stm32l4xx_hal_cortex.o
                0x000000000800219c                HAL_NVIC_SetPriorityGrouping
 .text.HAL_NVIC_SetPriority
                0x00000000080021b2       0x38 ./Drivers/STM32L4xx_HAL_Driver/Src/stm32l4xx_hal_cortex.o
                0x00000000080021b2                HAL_NVIC_SetPriority
 .text.HAL_SYSTICK_Config
                0x00000000080021ea       0x18 ./Drivers/STM32L4xx_HAL_Driver/Src/stm32l4xx_hal_cortex.o
                0x00000000080021ea                HAL_SYSTICK_Config
 *fill*         0x0000000008002202        0x2 
 .text.HAL_DFSDM_ChannelInit
                0x0000000008002204      0x180 ./Drivers/STM32L4xx_HAL_Driver/Src/stm32l4xx_hal_dfsdm.o
                0x0000000008002204                HAL_DFSDM_ChannelInit
 .text.DFSDM_GetChannelFromInstance
                0x0000000008002384       0x98 ./Drivers/STM32L4xx_HAL_Driver/Src/stm32l4xx_hal_dfsdm.o
 .text.HAL_GPIO_Init
                0x000000000800241c      0x354 ./Drivers/STM32L4xx_HAL_Driver/Src/stm32l4xx_hal_gpio.o
                0x000000000800241c                HAL_GPIO_Init
 .text.HAL_I2C_Init
                0x0000000008002770      0x136 ./Drivers/STM32L4xx_HAL_Driver/Src/stm32l4xx_hal_i2c.o
                0x0000000008002770                HAL_I2C_Init
 .text.HAL_I2CEx_ConfigAnalogFilter
                0x00000000080028a6       0x96 ./Drivers/STM32L4xx_HAL_Driver/Src/stm32l4xx_hal_i2c_ex.o
                0x00000000080028a6                HAL_I2CEx_ConfigAnalogFilter
 .text.HAL_I2CEx_ConfigDigitalFilter
                0x000000000800293c       0x98 ./Drivers/STM32L4xx_HAL_Driver/Src/stm32l4xx_hal_i2c_ex.o
                0x000000000800293c                HAL_I2CEx_ConfigDigitalFilter
 .text.HAL_PCD_Init
                0x00000000080029d4      0x248 ./Drivers/STM32L4xx_HAL_Driver/Src/stm32l4xx_hal_pcd.o
                0x00000000080029d4                HAL_PCD_Init
 .text.HAL_PCDEx_ActivateLPM
                0x0000000008002c1c       0x48 ./Drivers/STM32L4xx_HAL_Driver/Src/stm32l4xx_hal_pcd_ex.o
                0x0000000008002c1c                HAL_PCDEx_ActivateLPM
 .text.HAL_PWR_EnableBkUpAccess
                0x0000000008002c64       0x20 ./Drivers/STM32L4xx_HAL_Driver/Src/stm32l4xx_hal_pwr.o
                0x0000000008002c64                HAL_PWR_EnableBkUpAccess
 .text.HAL_PWREx_GetVoltageRange
                0x0000000008002c84       0x1c ./Drivers/STM32L4xx_HAL_Driver/Src/stm32l4xx_hal_pwr_ex.o
                0x0000000008002c84                HAL_PWREx_GetVoltageRange
 .text.HAL_PWREx_ControlVoltageScaling
                0x0000000008002ca0       0xac ./Drivers/STM32L4xx_HAL_Driver/Src/stm32l4xx_hal_pwr_ex.o
                0x0000000008002ca0                HAL_PWREx_ControlVoltageScaling
 .text.HAL_PWREx_EnableVddUSB
                0x0000000008002d4c       0x20 ./Drivers/STM32L4xx_HAL_Driver/Src/stm32l4xx_hal_pwr_ex.o
                0x0000000008002d4c                HAL_PWREx_EnableVddUSB
 .text.HAL_QSPI_Init
                0x0000000008002d6c       0xec ./Drivers/STM32L4xx_HAL_Driver/Src/stm32l4xx_hal_qspi.o
                0x0000000008002d6c                HAL_QSPI_Init
 .text.HAL_QSPI_SetTimeout
                0x0000000008002e58       0x1c ./Drivers/STM32L4xx_HAL_Driver/Src/stm32l4xx_hal_qspi.o
                0x0000000008002e58                HAL_QSPI_SetTimeout
 .text.QSPI_WaitFlagStateUntilTimeout
                0x0000000008002e74       0x6e ./Drivers/STM32L4xx_HAL_Driver/Src/stm32l4xx_hal_qspi.o
 *fill*         0x0000000008002ee2        0x2 
 .text.HAL_RCC_OscConfig
                0x0000000008002ee4      0x7b8 ./Drivers/STM32L4xx_HAL_Driver/Src/stm32l4xx_hal_rcc.o
                0x0000000008002ee4                HAL_RCC_OscConfig
 .text.HAL_RCC_ClockConfig
                0x000000000800369c      0x200 ./Drivers/STM32L4xx_HAL_Driver/Src/stm32l4xx_hal_rcc.o
                0x000000000800369c                HAL_RCC_ClockConfig
 .text.HAL_RCC_GetSysClockFreq
                0x000000000800389c      0x118 ./Drivers/STM32L4xx_HAL_Driver/Src/stm32l4xx_hal_rcc.o
                0x000000000800389c                HAL_RCC_GetSysClockFreq
 .text.HAL_RCC_GetHCLKFreq
                0x00000000080039b4       0x18 ./Drivers/STM32L4xx_HAL_Driver/Src/stm32l4xx_hal_rcc.o
                0x00000000080039b4                HAL_RCC_GetHCLKFreq
 .text.HAL_RCC_GetPCLK1Freq
                0x00000000080039cc       0x2c ./Drivers/STM32L4xx_HAL_Driver/Src/stm32l4xx_hal_rcc.o
                0x00000000080039cc                HAL_RCC_GetPCLK1Freq
 .text.HAL_RCC_GetPCLK2Freq
                0x00000000080039f8       0x2c ./Drivers/STM32L4xx_HAL_Driver/Src/stm32l4xx_hal_rcc.o
                0x00000000080039f8                HAL_RCC_GetPCLK2Freq
 .text.RCC_SetFlashLatencyFromMSIRange
                0x0000000008003a24       0xc0 ./Drivers/STM32L4xx_HAL_Driver/Src/stm32l4xx_hal_rcc.o
 .text.HAL_RCCEx_PeriphCLKConfig
                0x0000000008003ae4      0x5d4 ./Drivers/STM32L4xx_HAL_Driver/Src/stm32l4xx_hal_rcc_ex.o
                0x0000000008003ae4                HAL_RCCEx_PeriphCLKConfig
 .text.HAL_RCCEx_EnableMSIPLLMode
                0x00000000080040b8       0x20 ./Drivers/STM32L4xx_HAL_Driver/Src/stm32l4xx_hal_rcc_ex.o
                0x00000000080040b8                HAL_RCCEx_EnableMSIPLLMode
 .text.RCCEx_PLLSAI1_Config
                0x00000000080040d8      0x1e8 ./Drivers/STM32L4xx_HAL_Driver/Src/stm32l4xx_hal_rcc_ex.o
 .text.RCCEx_PLLSAI2_Config
                0x00000000080042c0      0x1bc ./Drivers/STM32L4xx_HAL_Driver/Src/stm32l4xx_hal_rcc_ex.o
 .text.HAL_SPI_Init
                0x000000000800447c      0x146 ./Drivers/STM32L4xx_HAL_Driver/Src/stm32l4xx_hal_spi.o
                0x000000000800447c                HAL_SPI_Init
 .text.HAL_UART_Init
                0x00000000080045c2       0x9c ./Drivers/STM32L4xx_HAL_Driver/Src/stm32l4xx_hal_uart.o
                0x00000000080045c2                HAL_UART_Init
 *fill*         0x000000000800465e        0x2 
 .text.UART_SetConfig
                0x0000000008004660      0x570 ./Drivers/STM32L4xx_HAL_Driver/Src/stm32l4xx_hal_uart.o
                0x0000000008004660                UART_SetConfig
 .text.UART_AdvFeatureConfig
                0x0000000008004bd0      0x144 ./Drivers/STM32L4xx_HAL_Driver/Src/stm32l4xx_hal_uart.o
                0x0000000008004bd0                UART_AdvFeatureConfig
 .text.UART_CheckIdleState
                0x0000000008004d14      0x150 ./Drivers/STM32L4xx_HAL_Driver/Src/stm32l4xx_hal_uart.o
                0x0000000008004d14                UART_CheckIdleState
 .text.UART_WaitOnFlagUntilTimeout
                0x0000000008004e64       0xce ./Drivers/STM32L4xx_HAL_Driver/Src/stm32l4xx_hal_uart.o
                0x0000000008004e64                UART_WaitOnFlagUntilTimeout
 .text.UART_EndRxTransfer
                0x0000000008004f32       0xc8 ./Drivers/STM32L4xx_HAL_Driver/Src/stm32l4xx_hal_uart.o
 *fill*         0x0000000008004ffa        0x2 
 .text.LL_EXTI_EnableIT_0_31
                0x0000000008004ffc       0x24 ./Drivers/STM32L4xx_HAL_Driver/Src/stm32l4xx_ll_exti.o
 .text.LL_EXTI_EnableIT_32_63
                0x0000000008005020       0x24 ./Drivers/STM32L4xx_HAL_Driver/Src/stm32l4xx_ll_exti.o
 .text.LL_EXTI_DisableIT_0_31
                0x0000000008005044       0x28 ./Drivers/STM32L4xx_HAL_Driver/Src/stm32l4xx_ll_exti.o
 .text.LL_EXTI_DisableIT_32_63
                0x000000000800506c       0x28 ./Drivers/STM32L4xx_HAL_Driver/Src/stm32l4xx_ll_exti.o
 .text.LL_EXTI_EnableEvent_0_31
                0x0000000008005094       0x24 ./Drivers/STM32L4xx_HAL_Driver/Src/stm32l4xx_ll_exti.o
 .text.LL_EXTI_EnableEvent_32_63
                0x00000000080050b8       0x24 ./Drivers/STM32L4xx_HAL_Driver/Src/stm32l4xx_ll_exti.o
 .text.LL_EXTI_DisableEvent_0_31
                0x00000000080050dc       0x28 ./Drivers/STM32L4xx_HAL_Driver/Src/stm32l4xx_ll_exti.o
 .text.LL_EXTI_DisableEvent_32_63
                0x0000000008005104       0x28 ./Drivers/STM32L4xx_HAL_Driver/Src/stm32l4xx_ll_exti.o
 .text.LL_EXTI_EnableRisingTrig_0_31
                0x000000000800512c       0x24 ./Drivers/STM32L4xx_HAL_Driver/Src/stm32l4xx_ll_exti.o
 .text.LL_EXTI_EnableRisingTrig_32_63
                0x0000000008005150       0x24 ./Drivers/STM32L4xx_HAL_Driver/Src/stm32l4xx_ll_exti.o
 .text.LL_EXTI_DisableRisingTrig_0_31
                0x0000000008005174       0x28 ./Drivers/STM32L4xx_HAL_Driver/Src/stm32l4xx_ll_exti.o
 .text.LL_EXTI_DisableRisingTrig_32_63
                0x000000000800519c       0x28 ./Drivers/STM32L4xx_HAL_Driver/Src/stm32l4xx_ll_exti.o
 .text.LL_EXTI_EnableFallingTrig_0_31
                0x00000000080051c4       0x24 ./Drivers/STM32L4xx_HAL_Driver/Src/stm32l4xx_ll_exti.o
 .text.LL_EXTI_EnableFallingTrig_32_63
                0x00000000080051e8       0x24 ./Drivers/STM32L4xx_HAL_Driver/Src/stm32l4xx_ll_exti.o
 .text.LL_EXTI_DisableFallingTrig_0_31
                0x000000000800520c       0x28 ./Drivers/STM32L4xx_HAL_Driver/Src/stm32l4xx_ll_exti.o
 .text.LL_EXTI_DisableFallingTrig_32_63
                0x0000000008005234       0x28 ./Drivers/STM32L4xx_HAL_Driver/Src/stm32l4xx_ll_exti.o
 .text.LL_EXTI_Init
                0x000000000800525c      0x1e8 ./Drivers/STM32L4xx_HAL_Driver/Src/stm32l4xx_ll_exti.o
                0x000000000800525c                LL_EXTI_Init
 .text.LL_GPIO_SetPinMode
                0x0000000008005444       0x7a ./Drivers/STM32L4xx_HAL_Driver/Src/stm32l4xx_ll_gpio.o
 .text.LL_GPIO_SetPinOutputType
                0x00000000080054be       0x30 ./Drivers/STM32L4xx_HAL_Driver/Src/stm32l4xx_ll_gpio.o
 .text.LL_GPIO_SetPinSpeed
                0x00000000080054ee       0x7a ./Drivers/STM32L4xx_HAL_Driver/Src/stm32l4xx_ll_gpio.o
 .text.LL_GPIO_SetPinPull
                0x0000000008005568       0x7a ./Drivers/STM32L4xx_HAL_Driver/Src/stm32l4xx_ll_gpio.o
 .text.LL_GPIO_SetAFPin_0_7
                0x00000000080055e2       0x7a ./Drivers/STM32L4xx_HAL_Driver/Src/stm32l4xx_ll_gpio.o
 .text.LL_GPIO_SetAFPin_8_15
                0x000000000800565c       0x7e ./Drivers/STM32L4xx_HAL_Driver/Src/stm32l4xx_ll_gpio.o
 .text.LL_GPIO_Init
                0x00000000080056da       0xdc ./Drivers/STM32L4xx_HAL_Driver/Src/stm32l4xx_ll_gpio.o
                0x00000000080056da                LL_GPIO_Init
 .text.USB_CoreInit
                0x00000000080057b6       0x58 ./Drivers/STM32L4xx_HAL_Driver/Src/stm32l4xx_ll_usb.o
                0x00000000080057b6                USB_CoreInit
 .text.USB_DisableGlobalInt
                0x000000000800580e       0x22 ./Drivers/STM32L4xx_HAL_Driver/Src/stm32l4xx_ll_usb.o
                0x000000000800580e                USB_DisableGlobalInt
 .text.USB_SetCurrentMode
                0x0000000008005830       0x98 ./Drivers/STM32L4xx_HAL_Driver/Src/stm32l4xx_ll_usb.o
                0x0000000008005830                USB_SetCurrentMode
 .text.USB_DevInit
                0x00000000080058c8      0x284 ./Drivers/STM32L4xx_HAL_Driver/Src/stm32l4xx_ll_usb.o
                0x00000000080058c8                USB_DevInit
 .text.USB_FlushTxFifo
                0x0000000008005b4c       0x68 ./Drivers/STM32L4xx_HAL_Driver/Src/stm32l4xx_ll_usb.o
                0x0000000008005b4c                USB_FlushTxFifo
 .text.USB_FlushRxFifo
                0x0000000008005bb4       0x60 ./Drivers/STM32L4xx_HAL_Driver/Src/stm32l4xx_ll_usb.o
                0x0000000008005bb4                USB_FlushRxFifo
 .text.USB_SetDevSpeed
                0x0000000008005c14       0x32 ./Drivers/STM32L4xx_HAL_Driver/Src/stm32l4xx_ll_usb.o
                0x0000000008005c14                USB_SetDevSpeed
 .text.USB_DevDisconnect
                0x0000000008005c46       0x42 ./Drivers/STM32L4xx_HAL_Driver/Src/stm32l4xx_ll_usb.o
                0x0000000008005c46                USB_DevDisconnect
 .text.USB_GetMode
                0x0000000008005c88       0x1c ./Drivers/STM32L4xx_HAL_Driver/Src/stm32l4xx_ll_usb.o
                0x0000000008005c88                USB_GetMode
 .text.USB_CoreReset
                0x0000000008005ca4       0x68 ./Drivers/STM32L4xx_HAL_Driver/Src/stm32l4xx_ll_usb.o
 .text.LL_mDelay
                0x0000000008005d0c       0x50 ./Drivers/STM32L4xx_HAL_Driver/Src/stm32l4xx_ll_utils.o
                0x0000000008005d0c                LL_mDelay
 .text.memset   0x0000000008005d5c       0x10 C:/ST/STM32CubeIDE_1.14.0/STM32CubeIDE/plugins/com.st.stm32cube.ide.mcu.externaltools.gnu-tools-for-stm32.11.3.rel1.win32_1.1.100.202309141235/tools/bin/../lib/gcc/arm-none-eabi/11.3.1/../../../../arm-none-eabi/lib/thumb/v7e-m+fp/hard\libc_nano.a(libc_a-memset.o)
                0x0000000008005d5c                memset
 .text.__libc_init_array
                0x0000000008005d6c       0x48 C:/ST/STM32CubeIDE_1.14.0/STM32CubeIDE/plugins/com.st.stm32cube.ide.mcu.externaltools.gnu-tools-for-stm32.11.3.rel1.win32_1.1.100.202309141235/tools/bin/../lib/gcc/arm-none-eabi/11.3.1/../../../../arm-none-eabi/lib/thumb/v7e-m+fp/hard\libc_nano.a(libc_a-init.o)
                0x0000000008005d6c                __libc_init_array
 *(.glue_7)
 .glue_7        0x0000000008005db4        0x0 linker stubs
 *(.glue_7t)
 .glue_7t       0x0000000008005db4        0x0 linker stubs
 *(.eh_frame)
 .eh_frame      0x0000000008005db4        0x0 C:/ST/STM32CubeIDE_1.14.0/STM32CubeIDE/plugins/com.st.stm32cube.ide.mcu.externaltools.gnu-tools-for-stm32.11.3.rel1.win32_1.1.100.202309141235/tools/bin/../lib/gcc/arm-none-eabi/11.3.1/thumb/v7e-m+fp/hard/crtbegin.o
 *(.init)
 .init          0x0000000008005db4        0x4 C:/ST/STM32CubeIDE_1.14.0/STM32CubeIDE/plugins/com.st.stm32cube.ide.mcu.externaltools.gnu-tools-for-stm32.11.3.rel1.win32_1.1.100.202309141235/tools/bin/../lib/gcc/arm-none-eabi/11.3.1/thumb/v7e-m+fp/hard/crti.o
                0x0000000008005db4                _init
 .init          0x0000000008005db8        0x8 C:/ST/STM32CubeIDE_1.14.0/STM32CubeIDE/plugins/com.st.stm32cube.ide.mcu.externaltools.gnu-tools-for-stm32.11.3.rel1.win32_1.1.100.202309141235/tools/bin/../lib/gcc/arm-none-eabi/11.3.1/thumb/v7e-m+fp/hard/crtn.o
 *(.fini)
 .fini          0x0000000008005dc0        0x4 C:/ST/STM32CubeIDE_1.14.0/STM32CubeIDE/plugins/com.st.stm32cube.ide.mcu.externaltools.gnu-tools-for-stm32.11.3.rel1.win32_1.1.100.202309141235/tools/bin/../lib/gcc/arm-none-eabi/11.3.1/thumb/v7e-m+fp/hard/crti.o
                0x0000000008005dc0                _fini
 .fini          0x0000000008005dc4        0x8 C:/ST/STM32CubeIDE_1.14.0/STM32CubeIDE/plugins/com.st.stm32cube.ide.mcu.externaltools.gnu-tools-for-stm32.11.3.rel1.win32_1.1.100.202309141235/tools/bin/../lib/gcc/arm-none-eabi/11.3.1/thumb/v7e-m+fp/hard/crtn.o
                0x0000000008005dcc                . = ALIGN (0x4)
                0x0000000008005dcc                _etext = .

.vfp11_veneer   0x0000000008005dcc        0x0
 .vfp11_veneer  0x0000000008005dcc        0x0 linker stubs

.v4_bx          0x0000000008005dcc        0x0
 .v4_bx         0x0000000008005dcc        0x0 linker stubs

.iplt           0x0000000008005dcc        0x0
 .iplt          0x0000000008005dcc        0x0 C:/ST/STM32CubeIDE_1.14.0/STM32CubeIDE/plugins/com.st.stm32cube.ide.mcu.externaltools.gnu-tools-for-stm32.11.3.rel1.win32_1.1.100.202309141235/tools/bin/../lib/gcc/arm-none-eabi/11.3.1/thumb/v7e-m+fp/hard/crtbegin.o

.rodata         0x0000000008005dcc       0x54
                0x0000000008005dcc                . = ALIGN (0x4)
 *(.rodata)
 .rodata        0x0000000008005dcc        0xb ./Core/Src/main.o
 *(.rodata*)
 *fill*         0x0000000008005dd7        0x1 
 .rodata.AHBPrescTable
                0x0000000008005dd8       0x10 ./Core/Src/system_stm32l4xx.o
                0x0000000008005dd8                AHBPrescTable
 .rodata.APBPrescTable
                0x0000000008005de8        0x8 ./Core/Src/system_stm32l4xx.o
                0x0000000008005de8                APBPrescTable
 .rodata.MSIRangeTable
                0x0000000008005df0       0x30 ./Core/Src/system_stm32l4xx.o
                0x0000000008005df0                MSIRangeTable
                0x0000000008005e20                . = ALIGN (0x4)

.ARM.extab      0x0000000008005e20        0x0
                0x0000000008005e20                . = ALIGN (0x4)
 *(.ARM.extab* .gnu.linkonce.armextab.*)
                0x0000000008005e20                . = ALIGN (0x4)

.ARM            0x0000000008005e20        0x8
                0x0000000008005e20                . = ALIGN (0x4)
                0x0000000008005e20                __exidx_start = .
 *(.ARM.exidx*)
 .ARM.exidx     0x0000000008005e20        0x8 C:/ST/STM32CubeIDE_1.14.0/STM32CubeIDE/plugins/com.st.stm32cube.ide.mcu.externaltools.gnu-tools-for-stm32.11.3.rel1.win32_1.1.100.202309141235/tools/bin/../lib/gcc/arm-none-eabi/11.3.1/thumb/v7e-m+fp/hard\libgcc.a(_udivmoddi4.o)
                0x0000000008005e28                __exidx_end = .
                0x0000000008005e28                . = ALIGN (0x4)

.rel.dyn        0x0000000008005e28        0x0
 .rel.iplt      0x0000000008005e28        0x0 C:/ST/STM32CubeIDE_1.14.0/STM32CubeIDE/plugins/com.st.stm32cube.ide.mcu.externaltools.gnu-tools-for-stm32.11.3.rel1.win32_1.1.100.202309141235/tools/bin/../lib/gcc/arm-none-eabi/11.3.1/thumb/v7e-m+fp/hard/crtbegin.o

.preinit_array  0x0000000008005e28        0x0
                0x0000000008005e28                . = ALIGN (0x4)
                0x0000000008005e28                PROVIDE (__preinit_array_start = .)
 *(.preinit_array*)
                0x0000000008005e28                PROVIDE (__preinit_array_end = .)
                0x0000000008005e28                . = ALIGN (0x4)

.init_array     0x0000000008005e28        0x4
                0x0000000008005e28                . = ALIGN (0x4)
                0x0000000008005e28                PROVIDE (__init_array_start = .)
 *(SORT_BY_NAME(.init_array.*))
 *(.init_array*)
 .init_array    0x0000000008005e28        0x4 C:/ST/STM32CubeIDE_1.14.0/STM32CubeIDE/plugins/com.st.stm32cube.ide.mcu.externaltools.gnu-tools-for-stm32.11.3.rel1.win32_1.1.100.202309141235/tools/bin/../lib/gcc/arm-none-eabi/11.3.1/thumb/v7e-m+fp/hard/crtbegin.o
                0x0000000008005e2c                PROVIDE (__init_array_end = .)
                0x0000000008005e2c                . = ALIGN (0x4)

.fini_array     0x0000000008005e2c        0x4
                0x0000000008005e2c                . = ALIGN (0x4)
                [!provide]                        PROVIDE (__fini_array_start = .)
 *(SORT_BY_NAME(.fini_array.*))
 *(.fini_array*)
 .fini_array    0x0000000008005e2c        0x4 C:/ST/STM32CubeIDE_1.14.0/STM32CubeIDE/plugins/com.st.stm32cube.ide.mcu.externaltools.gnu-tools-for-stm32.11.3.rel1.win32_1.1.100.202309141235/tools/bin/../lib/gcc/arm-none-eabi/11.3.1/thumb/v7e-m+fp/hard/crtbegin.o
                [!provide]                        PROVIDE (__fini_array_end = .)
                0x0000000008005e30                . = ALIGN (0x4)
                0x0000000008005e30                _sidata = LOADADDR (.data)

.data           0x0000000020000000        0xc load address 0x0000000008005e30
                0x0000000020000000                . = ALIGN (0x4)
                0x0000000020000000                _sdata = .
 *(.data)
 *(.data*)
 .data.SystemCoreClock
                0x0000000020000000        0x4 ./Core/Src/system_stm32l4xx.o
                0x0000000020000000                SystemCoreClock
 .data.uwTickPrio
                0x0000000020000004        0x4 ./Drivers/STM32L4xx_HAL_Driver/Src/stm32l4xx_hal.o
                0x0000000020000004                uwTickPrio
 .data.uwTickFreq
                0x0000000020000008        0x1 ./Drivers/STM32L4xx_HAL_Driver/Src/stm32l4xx_hal.o
                0x0000000020000008                uwTickFreq
 *(.RamFunc)
 *(.RamFunc*)
                0x000000002000000c                . = ALIGN (0x4)
 *fill*         0x0000000020000009        0x3 
                0x000000002000000c                _edata = .

.igot.plt       0x000000002000000c        0x0 load address 0x0000000008005e3c
 .igot.plt      0x000000002000000c        0x0 C:/ST/STM32CubeIDE_1.14.0/STM32CubeIDE/plugins/com.st.stm32cube.ide.mcu.externaltools.gnu-tools-for-stm32.11.3.rel1.win32_1.1.100.202309141235/tools/bin/../lib/gcc/arm-none-eabi/11.3.1/thumb/v7e-m+fp/hard/crtbegin.o
                0x000000002000000c                . = ALIGN (0x4)

.bss            0x000000002000000c      0x7ac load address 0x0000000008005e3c
                0x000000002000000c                _sbss = .
                0x000000002000000c                __bss_start__ = _sbss
 *(.bss)
 .bss           0x000000002000000c       0x1c C:/ST/STM32CubeIDE_1.14.0/STM32CubeIDE/plugins/com.st.stm32cube.ide.mcu.externaltools.gnu-tools-for-stm32.11.3.rel1.win32_1.1.100.202309141235/tools/bin/../lib/gcc/arm-none-eabi/11.3.1/thumb/v7e-m+fp/hard/crtbegin.o
 *(.bss*)
 .bss.lcd_chars
                0x0000000020000028        0x1 ./Core/Src/hd44780.o
                0x0000000020000028                lcd_chars
 .bss.lcd_lines
                0x0000000020000029        0x1 ./Core/Src/hd44780.o
                0x0000000020000029                lcd_lines
 *fill*         0x000000002000002a        0x2 
 .bss.lcd_line_addresses
                0x000000002000002c        0x4 ./Core/Src/hd44780.o
                0x000000002000002c                lcd_line_addresses
 .bss._lcd_char
                0x0000000020000030        0x1 ./Core/Src/hd44780.o
                0x0000000020000030                _lcd_char
 .bss._lcd_line
                0x0000000020000031        0x1 ./Core/Src/hd44780.o
                0x0000000020000031                _lcd_line
 *fill*         0x0000000020000032        0x2 
 .bss.hdfsdm1_channel1
                0x0000000020000034       0x38 ./Core/Src/main.o
                0x0000000020000034                hdfsdm1_channel1
 .bss.hi2c2     0x000000002000006c       0x54 ./Core/Src/main.o
                0x000000002000006c                hi2c2
 .bss.hqspi     0x00000000200000c0       0x44 ./Core/Src/main.o
                0x00000000200000c0                hqspi
 .bss.hspi3     0x0000000020000104       0x64 ./Core/Src/main.o
                0x0000000020000104                hspi3
 .bss.huart1    0x0000000020000168       0x88 ./Core/Src/main.o
                0x0000000020000168                huart1
 .bss.huart3    0x00000000200001f0       0x88 ./Core/Src/main.o
                0x00000000200001f0                huart3
 .bss.hpcd_USB_OTG_FS
                0x0000000020000278      0x50c ./Core/Src/main.o
                0x0000000020000278                hpcd_USB_OTG_FS
 .bss.contador  0x0000000020000784        0x4 ./Core/Src/main.o
                0x0000000020000784                contador
 .bss.estado_mu
                0x0000000020000788        0x4 ./Core/Src/main.o
                0x0000000020000788                estado_mu
 .bss.DFSDM1_Init
                0x000000002000078c        0x4 ./Core/Src/stm32l4xx_hal_msp.o
 .bss.uwTick    0x0000000020000790        0x4 ./Drivers/STM32L4xx_HAL_Driver/Src/stm32l4xx_hal.o
                0x0000000020000790                uwTick
 .bss.v_dfsdm1ChannelCounter
                0x0000000020000794        0x4 ./Drivers/STM32L4xx_HAL_Driver/Src/stm32l4xx_hal_dfsdm.o
 .bss.a_dfsdm1ChannelHandle
                0x0000000020000798       0x20 ./Drivers/STM32L4xx_HAL_Driver/Src/stm32l4xx_hal_dfsdm.o
 *(COMMON)
                0x00000000200007b8                . = ALIGN (0x4)
                0x00000000200007b8                _ebss = .
                0x00000000200007b8                __bss_end__ = _ebss

._user_heap_stack
                0x00000000200007b8      0x600 load address 0x0000000008005e3c
                0x00000000200007b8                . = ALIGN (0x8)
                [!provide]                        PROVIDE (end = .)
                0x00000000200007b8                PROVIDE (_end = .)
                0x00000000200009b8                . = (. + _Min_Heap_Size)
 *fill*         0x00000000200007b8      0x200 
                0x0000000020000db8                . = (. + _Min_Stack_Size)
 *fill*         0x00000000200009b8      0x400 
                0x0000000020000db8                . = ALIGN (0x8)

/DISCARD/
 libc.a(*)
 libm.a(*)
 libgcc.a(*)

.ARM.attributes
                0x0000000000000000       0x30
 *(.ARM.attributes)
 .ARM.attributes
                0x0000000000000000       0x1e C:/ST/STM32CubeIDE_1.14.0/STM32CubeIDE/plugins/com.st.stm32cube.ide.mcu.externaltools.gnu-tools-for-stm32.11.3.rel1.win32_1.1.100.202309141235/tools/bin/../lib/gcc/arm-none-eabi/11.3.1/thumb/v7e-m+fp/hard/crti.o
 .ARM.attributes
                0x000000000000001e       0x34 C:/ST/STM32CubeIDE_1.14.0/STM32CubeIDE/plugins/com.st.stm32cube.ide.mcu.externaltools.gnu-tools-for-stm32.11.3.rel1.win32_1.1.100.202309141235/tools/bin/../lib/gcc/arm-none-eabi/11.3.1/thumb/v7e-m+fp/hard/crtbegin.o
 .ARM.attributes
                0x0000000000000052       0x34 ./Core/Src/hd44780.o
 .ARM.attributes
                0x0000000000000086       0x34 ./Core/Src/main.o
 .ARM.attributes
                0x00000000000000ba       0x34 ./Core/Src/stm32l4xx_hal_msp.o
 .ARM.attributes
                0x00000000000000ee       0x34 ./Core/Src/stm32l4xx_it.o
 .ARM.attributes
                0x0000000000000122       0x34 ./Core/Src/system_stm32l4xx.o
 .ARM.attributes
                0x0000000000000156       0x21 ./Core/Startup/startup_stm32l475vgtx.o
 .ARM.attributes
                0x0000000000000177       0x34 ./Drivers/STM32L4xx_HAL_Driver/Src/stm32l4xx_hal.o
 .ARM.attributes
                0x00000000000001ab       0x34 ./Drivers/STM32L4xx_HAL_Driver/Src/stm32l4xx_hal_cortex.o
 .ARM.attributes
                0x00000000000001df       0x34 ./Drivers/STM32L4xx_HAL_Driver/Src/stm32l4xx_hal_dfsdm.o
 .ARM.attributes
                0x0000000000000213       0x34 ./Drivers/STM32L4xx_HAL_Driver/Src/stm32l4xx_hal_gpio.o
 .ARM.attributes
                0x0000000000000247       0x34 ./Drivers/STM32L4xx_HAL_Driver/Src/stm32l4xx_hal_i2c.o
 .ARM.attributes
                0x000000000000027b       0x34 ./Drivers/STM32L4xx_HAL_Driver/Src/stm32l4xx_hal_i2c_ex.o
 .ARM.attributes
                0x00000000000002af       0x34 ./Drivers/STM32L4xx_HAL_Driver/Src/stm32l4xx_hal_pcd.o
 .ARM.attributes
                0x00000000000002e3       0x34 ./Drivers/STM32L4xx_HAL_Driver/Src/stm32l4xx_hal_pcd_ex.o
 .ARM.attributes
                0x0000000000000317       0x34 ./Drivers/STM32L4xx_HAL_Driver/Src/stm32l4xx_hal_pwr.o
 .ARM.attributes
                0x000000000000034b       0x34 ./Drivers/STM32L4xx_HAL_Driver/Src/stm32l4xx_hal_pwr_ex.o
 .ARM.attributes
                0x000000000000037f       0x34 ./Drivers/STM32L4xx_HAL_Driver/Src/stm32l4xx_hal_qspi.o
 .ARM.attributes
                0x00000000000003b3       0x34 ./Drivers/STM32L4xx_HAL_Driver/Src/stm32l4xx_hal_rcc.o
 .ARM.attributes
                0x00000000000003e7       0x34 ./Drivers/STM32L4xx_HAL_Driver/Src/stm32l4xx_hal_rcc_ex.o
 .ARM.attributes
                0x000000000000041b       0x34 ./Drivers/STM32L4xx_HAL_Driver/Src/stm32l4xx_hal_spi.o
 .ARM.attributes
                0x000000000000044f       0x34 ./Drivers/STM32L4xx_HAL_Driver/Src/stm32l4xx_hal_uart.o
 .ARM.attributes
                0x0000000000000483       0x34 ./Drivers/STM32L4xx_HAL_Driver/Src/stm32l4xx_ll_exti.o
 .ARM.attributes
                0x00000000000004b7       0x34 ./Drivers/STM32L4xx_HAL_Driver/Src/stm32l4xx_ll_gpio.o
 .ARM.attributes
                0x00000000000004eb       0x34 ./Drivers/STM32L4xx_HAL_Driver/Src/stm32l4xx_ll_usb.o
 .ARM.attributes
                0x000000000000051f       0x34 ./Drivers/STM32L4xx_HAL_Driver/Src/stm32l4xx_ll_utils.o
 .ARM.attributes
                0x0000000000000553       0x34 C:/ST/STM32CubeIDE_1.14.0/STM32CubeIDE/plugins/com.st.stm32cube.ide.mcu.externaltools.gnu-tools-for-stm32.11.3.rel1.win32_1.1.100.202309141235/tools/bin/../lib/gcc/arm-none-eabi/11.3.1/../../../../arm-none-eabi/lib/thumb/v7e-m+fp/hard\libc_nano.a(libc_a-memset.o)
 .ARM.attributes
                0x0000000000000587       0x34 C:/ST/STM32CubeIDE_1.14.0/STM32CubeIDE/plugins/com.st.stm32cube.ide.mcu.externaltools.gnu-tools-for-stm32.11.3.rel1.win32_1.1.100.202309141235/tools/bin/../lib/gcc/arm-none-eabi/11.3.1/../../../../arm-none-eabi/lib/thumb/v7e-m+fp/hard\libc_nano.a(libc_a-init.o)
 .ARM.attributes
                0x00000000000005bb       0x1e C:/ST/STM32CubeIDE_1.14.0/STM32CubeIDE/plugins/com.st.stm32cube.ide.mcu.externaltools.gnu-tools-for-stm32.11.3.rel1.win32_1.1.100.202309141235/tools/bin/../lib/gcc/arm-none-eabi/11.3.1/thumb/v7e-m+fp/hard\libgcc.a(_aeabi_uldivmod.o)
 .ARM.attributes
                0x00000000000005d9       0x34 C:/ST/STM32CubeIDE_1.14.0/STM32CubeIDE/plugins/com.st.stm32cube.ide.mcu.externaltools.gnu-tools-for-stm32.11.3.rel1.win32_1.1.100.202309141235/tools/bin/../lib/gcc/arm-none-eabi/11.3.1/thumb/v7e-m+fp/hard\libgcc.a(_udivmoddi4.o)
 .ARM.attributes
                0x000000000000060d       0x1e C:/ST/STM32CubeIDE_1.14.0/STM32CubeIDE/plugins/com.st.stm32cube.ide.mcu.externaltools.gnu-tools-for-stm32.11.3.rel1.win32_1.1.100.202309141235/tools/bin/../lib/gcc/arm-none-eabi/11.3.1/thumb/v7e-m+fp/hard\libgcc.a(_dvmd_tls.o)
 .ARM.attributes
                0x000000000000062b       0x1e C:/ST/STM32CubeIDE_1.14.0/STM32CubeIDE/plugins/com.st.stm32cube.ide.mcu.externaltools.gnu-tools-for-stm32.11.3.rel1.win32_1.1.100.202309141235/tools/bin/../lib/gcc/arm-none-eabi/11.3.1/thumb/v7e-m+fp/hard/crtn.o
OUTPUT(Practica_2_SETR1.elf elf32-littlearm)
LOAD linker stubs
LOAD C:/ST/STM32CubeIDE_1.14.0/STM32CubeIDE/plugins/com.st.stm32cube.ide.mcu.externaltools.gnu-tools-for-stm32.11.3.rel1.win32_1.1.100.202309141235/tools/bin/../lib/gcc/arm-none-eabi/11.3.1/../../../../arm-none-eabi/lib/thumb/v7e-m+fp/hard\libc.a
LOAD C:/ST/STM32CubeIDE_1.14.0/STM32CubeIDE/plugins/com.st.stm32cube.ide.mcu.externaltools.gnu-tools-for-stm32.11.3.rel1.win32_1.1.100.202309141235/tools/bin/../lib/gcc/arm-none-eabi/11.3.1/../../../../arm-none-eabi/lib/thumb/v7e-m+fp/hard\libm.a
LOAD C:/ST/STM32CubeIDE_1.14.0/STM32CubeIDE/plugins/com.st.stm32cube.ide.mcu.externaltools.gnu-tools-for-stm32.11.3.rel1.win32_1.1.100.202309141235/tools/bin/../lib/gcc/arm-none-eabi/11.3.1/thumb/v7e-m+fp/hard\libgcc.a

.comment        0x0000000000000000       0x43
 .comment       0x0000000000000000       0x43 C:/ST/STM32CubeIDE_1.14.0/STM32CubeIDE/plugins/com.st.stm32cube.ide.mcu.externaltools.gnu-tools-for-stm32.11.3.rel1.win32_1.1.100.202309141235/tools/bin/../lib/gcc/arm-none-eabi/11.3.1/thumb/v7e-m+fp/hard/crtbegin.o
                                         0x44 (size before relaxing)
 .comment       0x0000000000000043       0x44 ./Core/Src/hd44780.o
 .comment       0x0000000000000043       0x44 ./Core/Src/main.o
 .comment       0x0000000000000043       0x44 ./Core/Src/stm32l4xx_hal_msp.o
 .comment       0x0000000000000043       0x44 ./Core/Src/stm32l4xx_it.o
 .comment       0x0000000000000043       0x44 ./Core/Src/system_stm32l4xx.o
 .comment       0x0000000000000043       0x44 ./Drivers/STM32L4xx_HAL_Driver/Src/stm32l4xx_hal.o
 .comment       0x0000000000000043       0x44 ./Drivers/STM32L4xx_HAL_Driver/Src/stm32l4xx_hal_cortex.o
 .comment       0x0000000000000043       0x44 ./Drivers/STM32L4xx_HAL_Driver/Src/stm32l4xx_hal_dfsdm.o
 .comment       0x0000000000000043       0x44 ./Drivers/STM32L4xx_HAL_Driver/Src/stm32l4xx_hal_gpio.o
 .comment       0x0000000000000043       0x44 ./Drivers/STM32L4xx_HAL_Driver/Src/stm32l4xx_hal_i2c.o
 .comment       0x0000000000000043       0x44 ./Drivers/STM32L4xx_HAL_Driver/Src/stm32l4xx_hal_i2c_ex.o
 .comment       0x0000000000000043       0x44 ./Drivers/STM32L4xx_HAL_Driver/Src/stm32l4xx_hal_pcd.o
 .comment       0x0000000000000043       0x44 ./Drivers/STM32L4xx_HAL_Driver/Src/stm32l4xx_hal_pcd_ex.o
 .comment       0x0000000000000043       0x44 ./Drivers/STM32L4xx_HAL_Driver/Src/stm32l4xx_hal_pwr.o
 .comment       0x0000000000000043       0x44 ./Drivers/STM32L4xx_HAL_Driver/Src/stm32l4xx_hal_pwr_ex.o
 .comment       0x0000000000000043       0x44 ./Drivers/STM32L4xx_HAL_Driver/Src/stm32l4xx_hal_qspi.o
 .comment       0x0000000000000043       0x44 ./Drivers/STM32L4xx_HAL_Driver/Src/stm32l4xx_hal_rcc.o
 .comment       0x0000000000000043       0x44 ./Drivers/STM32L4xx_HAL_Driver/Src/stm32l4xx_hal_rcc_ex.o
 .comment       0x0000000000000043       0x44 ./Drivers/STM32L4xx_HAL_Driver/Src/stm32l4xx_hal_spi.o
 .comment       0x0000000000000043       0x44 ./Drivers/STM32L4xx_HAL_Driver/Src/stm32l4xx_hal_uart.o
 .comment       0x0000000000000043       0x44 ./Drivers/STM32L4xx_HAL_Driver/Src/stm32l4xx_ll_exti.o
 .comment       0x0000000000000043       0x44 ./Drivers/STM32L4xx_HAL_Driver/Src/stm32l4xx_ll_gpio.o
 .comment       0x0000000000000043       0x44 ./Drivers/STM32L4xx_HAL_Driver/Src/stm32l4xx_ll_usb.o
 .comment       0x0000000000000043       0x44 ./Drivers/STM32L4xx_HAL_Driver/Src/stm32l4xx_ll_utils.o

.debug_info     0x0000000000000000    0x19a14
 .debug_info    0x0000000000000000      0x436 ./Core/Src/hd44780.o
 .debug_info    0x0000000000000436     0x28e2 ./Core/Src/main.o
 .debug_info    0x0000000000002d18     0x1fb1 ./Core/Src/stm32l4xx_hal_msp.o
 .debug_info    0x0000000000004cc9      0x2bb ./Core/Src/stm32l4xx_it.o
 .debug_info    0x0000000000004f84      0x5b1 ./Core/Src/system_stm32l4xx.o
 .debug_info    0x0000000000005535       0x23 ./Core/Startup/startup_stm32l475vgtx.o
 .debug_info    0x0000000000005558      0xae5 ./Drivers/STM32L4xx_HAL_Driver/Src/stm32l4xx_hal.o
 .debug_info    0x000000000000603d      0xd46 ./Drivers/STM32L4xx_HAL_Driver/Src/stm32l4xx_hal_cortex.o
 .debug_info    0x0000000000006d83     0x1a51 ./Drivers/STM32L4xx_HAL_Driver/Src/stm32l4xx_hal_dfsdm.o
 .debug_info    0x00000000000087d4      0x757 ./Drivers/STM32L4xx_HAL_Driver/Src/stm32l4xx_hal_gpio.o
 .debug_info    0x0000000000008f2b     0x2093 ./Drivers/STM32L4xx_HAL_Driver/Src/stm32l4xx_hal_i2c.o
 .debug_info    0x000000000000afbe      0x981 ./Drivers/STM32L4xx_HAL_Driver/Src/stm32l4xx_hal_i2c_ex.o
 .debug_info    0x000000000000b93f     0x14c8 ./Drivers/STM32L4xx_HAL_Driver/Src/stm32l4xx_hal_pcd.o
 .debug_info    0x000000000000ce07      0x89e ./Drivers/STM32L4xx_HAL_Driver/Src/stm32l4xx_hal_pcd_ex.o
 .debug_info    0x000000000000d6a5      0x91e ./Drivers/STM32L4xx_HAL_Driver/Src/stm32l4xx_hal_pwr.o
 .debug_info    0x000000000000dfc3      0x97a ./Drivers/STM32L4xx_HAL_Driver/Src/stm32l4xx_hal_pwr_ex.o
 .debug_info    0x000000000000e93d     0x1153 ./Drivers/STM32L4xx_HAL_Driver/Src/stm32l4xx_hal_qspi.o
 .debug_info    0x000000000000fa90      0xc14 ./Drivers/STM32L4xx_HAL_Driver/Src/stm32l4xx_hal_rcc.o
 .debug_info    0x00000000000106a4      0xe11 ./Drivers/STM32L4xx_HAL_Driver/Src/stm32l4xx_hal_rcc_ex.o
 .debug_info    0x00000000000114b5     0x161a ./Drivers/STM32L4xx_HAL_Driver/Src/stm32l4xx_hal_spi.o
 .debug_info    0x0000000000012acf     0x3b69 ./Drivers/STM32L4xx_HAL_Driver/Src/stm32l4xx_hal_uart.o
 .debug_info    0x0000000000016638      0x4d4 ./Drivers/STM32L4xx_HAL_Driver/Src/stm32l4xx_ll_exti.o
 .debug_info    0x0000000000016b0c      0x952 ./Drivers/STM32L4xx_HAL_Driver/Src/stm32l4xx_ll_gpio.o
 .debug_info    0x000000000001745e     0x1971 ./Drivers/STM32L4xx_HAL_Driver/Src/stm32l4xx_ll_usb.o
 .debug_info    0x0000000000018dcf      0xc45 ./Drivers/STM32L4xx_HAL_Driver/Src/stm32l4xx_ll_utils.o

.debug_abbrev   0x0000000000000000     0x3746
 .debug_abbrev  0x0000000000000000      0x1be ./Core/Src/hd44780.o
 .debug_abbrev  0x00000000000001be      0x3fa ./Core/Src/main.o
 .debug_abbrev  0x00000000000005b8      0x275 ./Core/Src/stm32l4xx_hal_msp.o
 .debug_abbrev  0x000000000000082d      0x162 ./Core/Src/stm32l4xx_it.o
 .debug_abbrev  0x000000000000098f      0x11a ./Core/Src/system_stm32l4xx.o
 .debug_abbrev  0x0000000000000aa9       0x12 ./Core/Startup/startup_stm32l475vgtx.o
 .debug_abbrev  0x0000000000000abb      0x242 ./Drivers/STM32L4xx_HAL_Driver/Src/stm32l4xx_hal.o
 .debug_abbrev  0x0000000000000cfd      0x327 ./Drivers/STM32L4xx_HAL_Driver/Src/stm32l4xx_hal_cortex.o
 .debug_abbrev  0x0000000000001024      0x27e ./Drivers/STM32L4xx_HAL_Driver/Src/stm32l4xx_hal_dfsdm.o
 .debug_abbrev  0x00000000000012a2      0x1cb ./Drivers/STM32L4xx_HAL_Driver/Src/stm32l4xx_hal_gpio.o
 .debug_abbrev  0x000000000000146d      0x261 ./Drivers/STM32L4xx_HAL_Driver/Src/stm32l4xx_hal_i2c.o
 .debug_abbrev  0x00000000000016ce      0x1c3 ./Drivers/STM32L4xx_HAL_Driver/Src/stm32l4xx_hal_i2c_ex.o
 .debug_abbrev  0x0000000000001891      0x2cf ./Drivers/STM32L4xx_HAL_Driver/Src/stm32l4xx_hal_pcd.o
 .debug_abbrev  0x0000000000001b60      0x256 ./Drivers/STM32L4xx_HAL_Driver/Src/stm32l4xx_hal_pcd_ex.o
 .debug_abbrev  0x0000000000001db6      0x1d4 ./Drivers/STM32L4xx_HAL_Driver/Src/stm32l4xx_hal_pwr.o
 .debug_abbrev  0x0000000000001f8a      0x1f9 ./Drivers/STM32L4xx_HAL_Driver/Src/stm32l4xx_hal_pwr_ex.o
 .debug_abbrev  0x0000000000002183      0x249 ./Drivers/STM32L4xx_HAL_Driver/Src/stm32l4xx_hal_qspi.o
 .debug_abbrev  0x00000000000023cc      0x2cb ./Drivers/STM32L4xx_HAL_Driver/Src/stm32l4xx_hal_rcc.o
 .debug_abbrev  0x0000000000002697      0x2a6 ./Drivers/STM32L4xx_HAL_Driver/Src/stm32l4xx_hal_rcc_ex.o
 .debug_abbrev  0x000000000000293d      0x26a ./Drivers/STM32L4xx_HAL_Driver/Src/stm32l4xx_hal_spi.o
 .debug_abbrev  0x0000000000002ba7      0x2d0 ./Drivers/STM32L4xx_HAL_Driver/Src/stm32l4xx_hal_uart.o
 .debug_abbrev  0x0000000000002e77      0x188 ./Drivers/STM32L4xx_HAL_Driver/Src/stm32l4xx_ll_exti.o
 .debug_abbrev  0x0000000000002fff      0x235 ./Drivers/STM32L4xx_HAL_Driver/Src/stm32l4xx_ll_gpio.o
 .debug_abbrev  0x0000000000003234      0x2b3 ./Drivers/STM32L4xx_HAL_Driver/Src/stm32l4xx_ll_usb.o
 .debug_abbrev  0x00000000000034e7      0x25f ./Drivers/STM32L4xx_HAL_Driver/Src/stm32l4xx_ll_utils.o

.debug_aranges  0x0000000000000000     0x1890
 .debug_aranges
                0x0000000000000000       0x78 ./Core/Src/hd44780.o
 .debug_aranges
                0x0000000000000078       0xd0 ./Core/Src/main.o
 .debug_aranges
                0x0000000000000148       0x80 ./Core/Src/stm32l4xx_hal_msp.o
 .debug_aranges
                0x00000000000001c8       0x80 ./Core/Src/stm32l4xx_it.o
 .debug_aranges
                0x0000000000000248       0x28 ./Core/Src/system_stm32l4xx.o
 .debug_aranges
                0x0000000000000270       0x28 ./Core/Startup/startup_stm32l475vgtx.o
 .debug_aranges
                0x0000000000000298      0x130 ./Drivers/STM32L4xx_HAL_Driver/Src/stm32l4xx_hal.o
 .debug_aranges
                0x00000000000003c8      0x118 ./Drivers/STM32L4xx_HAL_Driver/Src/stm32l4xx_hal_cortex.o
 .debug_aranges
                0x00000000000004e0      0x248 ./Drivers/STM32L4xx_HAL_Driver/Src/stm32l4xx_hal_dfsdm.o
 .debug_aranges
                0x0000000000000728       0x58 ./Drivers/STM32L4xx_HAL_Driver/Src/stm32l4xx_hal_gpio.o
 .debug_aranges
                0x0000000000000780      0x2a0 ./Drivers/STM32L4xx_HAL_Driver/Src/stm32l4xx_hal_i2c.o
 .debug_aranges
                0x0000000000000a20       0x48 ./Drivers/STM32L4xx_HAL_Driver/Src/stm32l4xx_hal_i2c_ex.o
 .debug_aranges
                0x0000000000000a68      0x138 ./Drivers/STM32L4xx_HAL_Driver/Src/stm32l4xx_hal_pcd.o
 .debug_aranges
                0x0000000000000ba0       0x60 ./Drivers/STM32L4xx_HAL_Driver/Src/stm32l4xx_hal_pcd_ex.o
 .debug_aranges
                0x0000000000000c00       0x98 ./Drivers/STM32L4xx_HAL_Driver/Src/stm32l4xx_hal_pwr.o
 .debug_aranges
                0x0000000000000c98      0x150 ./Drivers/STM32L4xx_HAL_Driver/Src/stm32l4xx_hal_pwr_ex.o
 .debug_aranges
                0x0000000000000de8      0x160 ./Drivers/STM32L4xx_HAL_Driver/Src/stm32l4xx_hal_qspi.o
 .debug_aranges
                0x0000000000000f48       0x90 ./Drivers/STM32L4xx_HAL_Driver/Src/stm32l4xx_hal_rcc.o
 .debug_aranges
                0x0000000000000fd8       0xc0 ./Drivers/STM32L4xx_HAL_Driver/Src/stm32l4xx_hal_rcc_ex.o
 .debug_aranges
                0x0000000000001098      0x1d8 ./Drivers/STM32L4xx_HAL_Driver/Src/stm32l4xx_hal_spi.o
 .debug_aranges
                0x0000000000001270      0x228 ./Drivers/STM32L4xx_HAL_Driver/Src/stm32l4xx_hal_uart.o
 .debug_aranges
                0x0000000000001498       0xb0 ./Drivers/STM32L4xx_HAL_Driver/Src/stm32l4xx_ll_exti.o
 .debug_aranges
                0x0000000000001548       0x70 ./Drivers/STM32L4xx_HAL_Driver/Src/stm32l4xx_ll_gpio.o
 .debug_aranges
                0x00000000000015b8      0x1a0 ./Drivers/STM32L4xx_HAL_Driver/Src/stm32l4xx_ll_usb.o
 .debug_aranges
                0x0000000000001758      0x138 ./Drivers/STM32L4xx_HAL_Driver/Src/stm32l4xx_ll_utils.o

.debug_rnglists
                0x0000000000000000     0x12f6
 .debug_rnglists
                0x0000000000000000       0x59 ./Core/Src/hd44780.o
 .debug_rnglists
                0x0000000000000059       0x9a ./Core/Src/main.o
 .debug_rnglists
                0x00000000000000f3       0x61 ./Core/Src/stm32l4xx_hal_msp.o
 .debug_rnglists
                0x0000000000000154       0x5b ./Core/Src/stm32l4xx_it.o
 .debug_rnglists
                0x00000000000001af       0x1a ./Core/Src/system_stm32l4xx.o
 .debug_rnglists
                0x00000000000001c9       0x19 ./Core/Startup/startup_stm32l475vgtx.o
 .debug_rnglists
                0x00000000000001e2       0xdf ./Drivers/STM32L4xx_HAL_Driver/Src/stm32l4xx_hal.o
 .debug_rnglists
                0x00000000000002c1       0xce ./Drivers/STM32L4xx_HAL_Driver/Src/stm32l4xx_hal_cortex.o
 .debug_rnglists
                0x000000000000038f      0x1c7 ./Drivers/STM32L4xx_HAL_Driver/Src/stm32l4xx_hal_dfsdm.o
 .debug_rnglists
                0x0000000000000556       0x3f ./Drivers/STM32L4xx_HAL_Driver/Src/stm32l4xx_hal_gpio.o
 .debug_rnglists
                0x0000000000000595      0x228 ./Drivers/STM32L4xx_HAL_Driver/Src/stm32l4xx_hal_i2c.o
 .debug_rnglists
                0x00000000000007bd       0x35 ./Drivers/STM32L4xx_HAL_Driver/Src/stm32l4xx_hal_i2c_ex.o
 .debug_rnglists
                0x00000000000007f2       0xed ./Drivers/STM32L4xx_HAL_Driver/Src/stm32l4xx_hal_pcd.o
 .debug_rnglists
                0x00000000000008df       0x45 ./Drivers/STM32L4xx_HAL_Driver/Src/stm32l4xx_hal_pcd_ex.o
 .debug_rnglists
                0x0000000000000924       0x6e ./Drivers/STM32L4xx_HAL_Driver/Src/stm32l4xx_hal_pwr.o
 .debug_rnglists
                0x0000000000000992       0xfd ./Drivers/STM32L4xx_HAL_Driver/Src/stm32l4xx_hal_pwr_ex.o
 .debug_rnglists
                0x0000000000000a8f      0x113 ./Drivers/STM32L4xx_HAL_Driver/Src/stm32l4xx_hal_qspi.o
 .debug_rnglists
                0x0000000000000ba2       0x6d ./Drivers/STM32L4xx_HAL_Driver/Src/stm32l4xx_hal_rcc.o
 .debug_rnglists
                0x0000000000000c0f       0x95 ./Drivers/STM32L4xx_HAL_Driver/Src/stm32l4xx_hal_rcc_ex.o
 .debug_rnglists
                0x0000000000000ca4      0x178 ./Drivers/STM32L4xx_HAL_Driver/Src/stm32l4xx_hal_spi.o
 .debug_rnglists
                0x0000000000000e1c      0x1db ./Drivers/STM32L4xx_HAL_Driver/Src/stm32l4xx_hal_uart.o
 .debug_rnglists
                0x0000000000000ff7       0x80 ./Drivers/STM32L4xx_HAL_Driver/Src/stm32l4xx_ll_exti.o
 .debug_rnglists
                0x0000000000001077       0x51 ./Drivers/STM32L4xx_HAL_Driver/Src/stm32l4xx_ll_gpio.o
 .debug_rnglists
                0x00000000000010c8      0x146 ./Drivers/STM32L4xx_HAL_Driver/Src/stm32l4xx_ll_usb.o
 .debug_rnglists
                0x000000000000120e       0xe8 ./Drivers/STM32L4xx_HAL_Driver/Src/stm32l4xx_ll_utils.o

.debug_macro    0x0000000000000000    0x29697
 .debug_macro   0x0000000000000000      0x2be ./Core/Src/hd44780.o
 .debug_macro   0x00000000000002be      0xaae ./Core/Src/hd44780.o
 .debug_macro   0x0000000000000d6c       0x22 ./Core/Src/hd44780.o
 .debug_macro   0x0000000000000d8e       0x8e ./Core/Src/hd44780.o
 .debug_macro   0x0000000000000e1c       0x51 ./Core/Src/hd44780.o
 .debug_macro   0x0000000000000e6d      0x103 ./Core/Src/hd44780.o
 .debug_macro   0x0000000000000f70       0x6a ./Core/Src/hd44780.o
 .debug_macro   0x0000000000000fda      0x1df ./Core/Src/hd44780.o
 .debug_macro   0x00000000000011b9      0x1bf ./Core/Src/hd44780.o
 .debug_macro   0x0000000000001378       0x2e ./Core/Src/hd44780.o
 .debug_macro   0x00000000000013a6       0x28 ./Core/Src/hd44780.o
 .debug_macro   0x00000000000013ce       0x1c ./Core/Src/hd44780.o
 .debug_macro   0x00000000000013ea       0x22 ./Core/Src/hd44780.o
 .debug_macro   0x000000000000140c       0xfb ./Core/Src/hd44780.o
 .debug_macro   0x0000000000001507     0x1011 ./Core/Src/hd44780.o
 .debug_macro   0x0000000000002518      0x11f ./Core/Src/hd44780.o
 .debug_macro   0x0000000000002637    0x19dc7 ./Core/Src/hd44780.o
 .debug_macro   0x000000000001c3fe       0x6d ./Core/Src/hd44780.o
 .debug_macro   0x000000000001c46b     0x38e6 ./Core/Src/hd44780.o
 .debug_macro   0x000000000001fd51      0x174 ./Core/Src/hd44780.o
 .debug_macro   0x000000000001fec5       0x5c ./Core/Src/hd44780.o
 .debug_macro   0x000000000001ff21     0x1558 ./Core/Src/hd44780.o
 .debug_macro   0x0000000000021479      0x5a5 ./Core/Src/hd44780.o
 .debug_macro   0x0000000000021a1e      0x1b9 ./Core/Src/hd44780.o
 .debug_macro   0x0000000000021bd7      0x17d ./Core/Src/hd44780.o
 .debug_macro   0x0000000000021d54      0x26b ./Core/Src/hd44780.o
 .debug_macro   0x0000000000021fbf      0x29c ./Core/Src/hd44780.o
 .debug_macro   0x000000000002225b      0x23d ./Core/Src/hd44780.o
 .debug_macro   0x0000000000022498      0x241 ./Core/Src/hd44780.o
 .debug_macro   0x00000000000226d9      0x37c ./Core/Src/hd44780.o
 .debug_macro   0x0000000000022a55       0xd6 ./Core/Src/hd44780.o
 .debug_macro   0x0000000000022b2b      0x22c ./Core/Src/hd44780.o
 .debug_macro   0x0000000000022d57       0x61 ./Core/Src/hd44780.o
 .debug_macro   0x0000000000022db8       0xa5 ./Core/Src/hd44780.o
 .debug_macro   0x0000000000022e5d      0x209 ./Core/Src/hd44780.o
 .debug_macro   0x0000000000023066       0x97 ./Core/Src/hd44780.o
 .debug_macro   0x00000000000230fd      0x122 ./Core/Src/hd44780.o
 .debug_macro   0x000000000002321f      0x3e8 ./Core/Src/hd44780.o
 .debug_macro   0x0000000000023607      0x2a3 ./Core/Src/hd44780.o
 .debug_macro   0x00000000000238aa      0x2fe ./Core/Src/hd44780.o
 .debug_macro   0x0000000000023ba8      0x5cf ./Core/Src/hd44780.o
 .debug_macro   0x0000000000024177       0x44 ./Core/Src/hd44780.o
 .debug_macro   0x00000000000241bb      0x330 ./Core/Src/hd44780.o
 .debug_macro   0x00000000000244eb      0x2f5 ./Core/Src/hd44780.o
 .debug_macro   0x00000000000247e0      0x169 ./Core/Src/hd44780.o
 .debug_macro   0x0000000000024949      0x15c ./Core/Src/hd44780.o
 .debug_macro   0x0000000000024aa5      0x1b8 ./Core/Src/hd44780.o
 .debug_macro   0x0000000000024c5d      0x1a6 ./Core/Src/hd44780.o
 .debug_macro   0x0000000000024e03      0x708 ./Core/Src/hd44780.o
 .debug_macro   0x000000000002550b       0xa7 ./Core/Src/hd44780.o
 .debug_macro   0x00000000000255b2      0x207 ./Core/Src/hd44780.o
 .debug_macro   0x00000000000257b9      0x2cb ./Core/Src/hd44780.o
 .debug_macro   0x0000000000025a84      0x44c ./Core/Src/hd44780.o
 .debug_macro   0x0000000000025ed0      0x27c ./Core/Src/main.o
 .debug_macro   0x000000000002614c      0x272 ./Core/Src/stm32l4xx_hal_msp.o
 .debug_macro   0x00000000000263be      0x27c ./Core/Src/stm32l4xx_it.o
 .debug_macro   0x000000000002663a      0x212 ./Core/Src/system_stm32l4xx.o
 .debug_macro   0x000000000002684c      0x260 ./Drivers/STM32L4xx_HAL_Driver/Src/stm32l4xx_hal.o
 .debug_macro   0x0000000000026aac      0x212 ./Drivers/STM32L4xx_HAL_Driver/Src/stm32l4xx_hal_cortex.o
 .debug_macro   0x0000000000026cbe      0x236 ./Drivers/STM32L4xx_HAL_Driver/Src/stm32l4xx_hal_dfsdm.o
 .debug_macro   0x0000000000026ef4      0x219 ./Drivers/STM32L4xx_HAL_Driver/Src/stm32l4xx_hal_gpio.o
 .debug_macro   0x000000000002710d      0x2de ./Drivers/STM32L4xx_HAL_Driver/Src/stm32l4xx_hal_i2c.o
 .debug_macro   0x00000000000273eb      0x212 ./Drivers/STM32L4xx_HAL_Driver/Src/stm32l4xx_hal_i2c_ex.o
 .debug_macro   0x00000000000275fd      0x21e ./Drivers/STM32L4xx_HAL_Driver/Src/stm32l4xx_hal_pcd.o
 .debug_macro   0x000000000002781b      0x212 ./Drivers/STM32L4xx_HAL_Driver/Src/stm32l4xx_hal_pcd_ex.o
 .debug_macro   0x0000000000027a2d      0x22a ./Drivers/STM32L4xx_HAL_Driver/Src/stm32l4xx_hal_pwr.o
 .debug_macro   0x0000000000027c57      0x236 ./Drivers/STM32L4xx_HAL_Driver/Src/stm32l4xx_hal_pwr_ex.o
 .debug_macro   0x0000000000027e8d      0x236 ./Drivers/STM32L4xx_HAL_Driver/Src/stm32l4xx_hal_qspi.o
 .debug_macro   0x00000000000280c3      0x254 ./Drivers/STM32L4xx_HAL_Driver/Src/stm32l4xx_hal_rcc.o
 .debug_macro   0x0000000000028317      0x248 ./Drivers/STM32L4xx_HAL_Driver/Src/stm32l4xx_hal_rcc_ex.o
 .debug_macro   0x000000000002855f      0x21a ./Drivers/STM32L4xx_HAL_Driver/Src/stm32l4xx_hal_spi.o
 .debug_macro   0x0000000000028779      0x23d ./Drivers/STM32L4xx_HAL_Driver/Src/stm32l4xx_hal_uart.o
 .debug_macro   0x00000000000289b6      0x23f ./Drivers/STM32L4xx_HAL_Driver/Src/stm32l4xx_ll_exti.o
 .debug_macro   0x0000000000028bf5      0x156 ./Drivers/STM32L4xx_HAL_Driver/Src/stm32l4xx_ll_exti.o
 .debug_macro   0x0000000000028d4b      0x254 ./Drivers/STM32L4xx_HAL_Driver/Src/stm32l4xx_ll_gpio.o
 .debug_macro   0x0000000000028f9f      0x163 ./Drivers/STM32L4xx_HAL_Driver/Src/stm32l4xx_ll_gpio.o
 .debug_macro   0x0000000000029102      0x212 ./Drivers/STM32L4xx_HAL_Driver/Src/stm32l4xx_ll_usb.o
 .debug_macro   0x0000000000029314      0x2e2 ./Drivers/STM32L4xx_HAL_Driver/Src/stm32l4xx_ll_utils.o
 .debug_macro   0x00000000000295f6       0xa1 ./Drivers/STM32L4xx_HAL_Driver/Src/stm32l4xx_ll_utils.o

.debug_line     0x0000000000000000    0x1c546
 .debug_line    0x0000000000000000      0xb70 ./Core/Src/hd44780.o
 .debug_line    0x0000000000000b70     0x1019 ./Core/Src/main.o
 .debug_line    0x0000000000001b89      0xb6a ./Core/Src/stm32l4xx_hal_msp.o
 .debug_line    0x00000000000026f3      0xa5f ./Core/Src/stm32l4xx_it.o
 .debug_line    0x0000000000003152      0x890 ./Core/Src/system_stm32l4xx.o
 .debug_line    0x00000000000039e2       0x7a ./Core/Startup/startup_stm32l475vgtx.o
 .debug_line    0x0000000000003a5c      0xbe8 ./Drivers/STM32L4xx_HAL_Driver/Src/stm32l4xx_hal.o
 .debug_line    0x0000000000004644      0xd8f ./Drivers/STM32L4xx_HAL_Driver/Src/stm32l4xx_hal_cortex.o
 .debug_line    0x00000000000053d3     0x1f64 ./Drivers/STM32L4xx_HAL_Driver/Src/stm32l4xx_hal_dfsdm.o
 .debug_line    0x0000000000007337      0xc5c ./Drivers/STM32L4xx_HAL_Driver/Src/stm32l4xx_hal_gpio.o
 .debug_line    0x0000000000007f93     0x39c7 ./Drivers/STM32L4xx_HAL_Driver/Src/stm32l4xx_hal_i2c.o
 .debug_line    0x000000000000b95a      0xa16 ./Drivers/STM32L4xx_HAL_Driver/Src/stm32l4xx_hal_i2c_ex.o
 .debug_line    0x000000000000c370     0x13f6 ./Drivers/STM32L4xx_HAL_Driver/Src/stm32l4xx_hal_pcd.o
 .debug_line    0x000000000000d766      0x9c8 ./Drivers/STM32L4xx_HAL_Driver/Src/stm32l4xx_hal_pcd_ex.o
 .debug_line    0x000000000000e12e      0x9c5 ./Drivers/STM32L4xx_HAL_Driver/Src/stm32l4xx_hal_pwr.o
 .debug_line    0x000000000000eaf3      0xdb0 ./Drivers/STM32L4xx_HAL_Driver/Src/stm32l4xx_hal_pwr_ex.o
 .debug_line    0x000000000000f8a3     0x14f4 ./Drivers/STM32L4xx_HAL_Driver/Src/stm32l4xx_hal_qspi.o
 .debug_line    0x0000000000010d97     0x105f ./Drivers/STM32L4xx_HAL_Driver/Src/stm32l4xx_hal_rcc.o
 .debug_line    0x0000000000011df6     0x15d9 ./Drivers/STM32L4xx_HAL_Driver/Src/stm32l4xx_hal_rcc_ex.o
 .debug_line    0x00000000000133cf     0x2055 ./Drivers/STM32L4xx_HAL_Driver/Src/stm32l4xx_hal_spi.o
 .debug_line    0x0000000000015424     0x32c8 ./Drivers/STM32L4xx_HAL_Driver/Src/stm32l4xx_hal_uart.o
 .debug_line    0x00000000000186ec      0xa6c ./Drivers/STM32L4xx_HAL_Driver/Src/stm32l4xx_ll_exti.o
 .debug_line    0x0000000000019158      0xb1f ./Drivers/STM32L4xx_HAL_Driver/Src/stm32l4xx_ll_gpio.o
 .debug_line    0x0000000000019c77     0x1a36 ./Drivers/STM32L4xx_HAL_Driver/Src/stm32l4xx_ll_usb.o
 .debug_line    0x000000000001b6ad      0xe99 ./Drivers/STM32L4xx_HAL_Driver/Src/stm32l4xx_ll_utils.o

.debug_str      0x0000000000000000    0xfa660
 .debug_str     0x0000000000000000    0xf1947 ./Core/Src/hd44780.o
                                      0xf2924 (size before relaxing)
 .debug_str     0x00000000000f1947     0x1991 ./Core/Src/main.o
                                      0xf4428 (size before relaxing)
 .debug_str     0x00000000000f32d8      0x3c4 ./Core/Src/stm32l4xx_hal_msp.o
                                      0xf3ca2 (size before relaxing)
 .debug_str     0x00000000000f369c      0x172 ./Core/Src/stm32l4xx_it.o
                                      0xf2808 (size before relaxing)
 .debug_str     0x00000000000f380e       0x8e ./Core/Src/system_stm32l4xx.o
                                      0xe77a5 (size before relaxing)
 .debug_str     0x00000000000f389c       0x34 ./Core/Startup/startup_stm32l475vgtx.o
                                         0x77 (size before relaxing)
 .debug_str     0x00000000000f38d0      0x618 ./Drivers/STM32L4xx_HAL_Driver/Src/stm32l4xx_hal.o
                                      0xe832f (size before relaxing)
 .debug_str     0x00000000000f3ee8      0x2b2 ./Drivers/STM32L4xx_HAL_Driver/Src/stm32l4xx_hal_cortex.o
                                      0xe7fe3 (size before relaxing)
 .debug_str     0x00000000000f419a      0xc31 ./Drivers/STM32L4xx_HAL_Driver/Src/stm32l4xx_hal_dfsdm.o
                                      0xe86b1 (size before relaxing)
 .debug_str     0x00000000000f4dcb      0x109 ./Drivers/STM32L4xx_HAL_Driver/Src/stm32l4xx_hal_gpio.o
                                      0xe791e (size before relaxing)
 .debug_str     0x00000000000f4ed4      0xdc8 ./Drivers/STM32L4xx_HAL_Driver/Src/stm32l4xx_hal_i2c.o
                                      0xe89b4 (size before relaxing)
 .debug_str     0x00000000000f5c9c       0xb8 ./Drivers/STM32L4xx_HAL_Driver/Src/stm32l4xx_hal_i2c_ex.o
                                      0xe7cdc (size before relaxing)
 .debug_str     0x00000000000f5d54      0x7e9 ./Drivers/STM32L4xx_HAL_Driver/Src/stm32l4xx_hal_pcd.o
                                      0xe8226 (size before relaxing)
 .debug_str     0x00000000000f653d      0x174 ./Drivers/STM32L4xx_HAL_Driver/Src/stm32l4xx_hal_pcd_ex.o
                                      0xe7bf4 (size before relaxing)
 .debug_str     0x00000000000f66b1      0x34b ./Drivers/STM32L4xx_HAL_Driver/Src/stm32l4xx_hal_pwr.o
                                      0xe7b10 (size before relaxing)
 .debug_str     0x00000000000f69fc      0x3ab ./Drivers/STM32L4xx_HAL_Driver/Src/stm32l4xx_hal_pwr_ex.o
                                      0xe7cc5 (size before relaxing)
 .debug_str     0x00000000000f6da7      0x6a5 ./Drivers/STM32L4xx_HAL_Driver/Src/stm32l4xx_hal_qspi.o
                                      0xe80e0 (size before relaxing)
 .debug_str     0x00000000000f744c      0x387 ./Drivers/STM32L4xx_HAL_Driver/Src/stm32l4xx_hal_rcc.o
                                      0xe7deb (size before relaxing)
 .debug_str     0x00000000000f77d3      0x358 ./Drivers/STM32L4xx_HAL_Driver/Src/stm32l4xx_hal_rcc_ex.o
                                      0xe7f64 (size before relaxing)
 .debug_str     0x00000000000f7b2b      0x532 ./Drivers/STM32L4xx_HAL_Driver/Src/stm32l4xx_hal_spi.o
                                      0xe7fc6 (size before relaxing)
 .debug_str     0x00000000000f805d      0x89f ./Drivers/STM32L4xx_HAL_Driver/Src/stm32l4xx_hal_uart.o
                                      0xe84fd (size before relaxing)
 .debug_str     0x00000000000f88fc      0x42b ./Drivers/STM32L4xx_HAL_Driver/Src/stm32l4xx_ll_exti.o
                                      0xe815a (size before relaxing)
 .debug_str     0x00000000000f8d27      0x624 ./Drivers/STM32L4xx_HAL_Driver/Src/stm32l4xx_ll_gpio.o
                                      0xe911e (size before relaxing)
 .debug_str     0x00000000000f934b      0x478 ./Drivers/STM32L4xx_HAL_Driver/Src/stm32l4xx_ll_usb.o
                                      0xe80fe (size before relaxing)
 .debug_str     0x00000000000f97c3      0xe9d ./Drivers/STM32L4xx_HAL_Driver/Src/stm32l4xx_ll_utils.o
                                      0xee4d6 (size before relaxing)

.debug_frame    0x0000000000000000     0x6918
 .debug_frame   0x0000000000000000      0x1b0 ./Core/Src/hd44780.o
 .debug_frame   0x00000000000001b0      0x32c ./Core/Src/main.o
 .debug_frame   0x00000000000004dc      0x1f8 ./Core/Src/stm32l4xx_hal_msp.o
 .debug_frame   0x00000000000006d4      0x18c ./Core/Src/stm32l4xx_it.o
 .debug_frame   0x0000000000000860       0x58 ./Core/Src/system_stm32l4xx.o
 .debug_frame   0x00000000000008b8      0x498 ./Drivers/STM32L4xx_HAL_Driver/Src/stm32l4xx_hal.o
 .debug_frame   0x0000000000000d50      0x498 ./Drivers/STM32L4xx_HAL_Driver/Src/stm32l4xx_hal_cortex.o
 .debug_frame   0x00000000000011e8      0xa78 ./Drivers/STM32L4xx_HAL_Driver/Src/stm32l4xx_hal_dfsdm.o
 .debug_frame   0x0000000000001c60      0x14c ./Drivers/STM32L4xx_HAL_Driver/Src/stm32l4xx_hal_gpio.o
 .debug_frame   0x0000000000001dac      0xc38 ./Drivers/STM32L4xx_HAL_Driver/Src/stm32l4xx_hal_i2c.o
 .debug_frame   0x00000000000029e4      0x100 ./Drivers/STM32L4xx_HAL_Driver/Src/stm32l4xx_hal_i2c_ex.o
 .debug_frame   0x0000000000002ae4      0x568 ./Drivers/STM32L4xx_HAL_Driver/Src/stm32l4xx_hal_pcd.o
 .debug_frame   0x000000000000304c      0x174 ./Drivers/STM32L4xx_HAL_Driver/Src/stm32l4xx_hal_pcd_ex.o
 .debug_frame   0x00000000000031c0      0x230 ./Drivers/STM32L4xx_HAL_Driver/Src/stm32l4xx_hal_pwr.o
 .debug_frame   0x00000000000033f0      0x544 ./Drivers/STM32L4xx_HAL_Driver/Src/stm32l4xx_hal_pwr_ex.o
 .debug_frame   0x0000000000003934      0x658 ./Drivers/STM32L4xx_HAL_Driver/Src/stm32l4xx_hal_qspi.o
 .debug_frame   0x0000000000003f8c      0x21c ./Drivers/STM32L4xx_HAL_Driver/Src/stm32l4xx_hal_rcc.o
 .debug_frame   0x00000000000041a8      0x2fc ./Drivers/STM32L4xx_HAL_Driver/Src/stm32l4xx_hal_rcc_ex.o
 .debug_frame   0x00000000000044a4      0x860 ./Drivers/STM32L4xx_HAL_Driver/Src/stm32l4xx_hal_spi.o
 .debug_frame   0x0000000000004d04      0x9f4 ./Drivers/STM32L4xx_HAL_Driver/Src/stm32l4xx_hal_uart.o
 .debug_frame   0x00000000000056f8      0x2fc ./Drivers/STM32L4xx_HAL_Driver/Src/stm32l4xx_ll_exti.o
 .debug_frame   0x00000000000059f4      0x1c0 ./Drivers/STM32L4xx_HAL_Driver/Src/stm32l4xx_ll_gpio.o
 .debug_frame   0x0000000000005bb4      0x7bc ./Drivers/STM32L4xx_HAL_Driver/Src/stm32l4xx_ll_usb.o
 .debug_frame   0x0000000000006370      0x4fc ./Drivers/STM32L4xx_HAL_Driver/Src/stm32l4xx_ll_utils.o
 .debug_frame   0x000000000000686c       0x20 C:/ST/STM32CubeIDE_1.14.0/STM32CubeIDE/plugins/com.st.stm32cube.ide.mcu.externaltools.gnu-tools-for-stm32.11.3.rel1.win32_1.1.100.202309141235/tools/bin/../lib/gcc/arm-none-eabi/11.3.1/../../../../arm-none-eabi/lib/thumb/v7e-m+fp/hard\libc_nano.a(libc_a-memset.o)
 .debug_frame   0x000000000000688c       0x2c C:/ST/STM32CubeIDE_1.14.0/STM32CubeIDE/plugins/com.st.stm32cube.ide.mcu.externaltools.gnu-tools-for-stm32.11.3.rel1.win32_1.1.100.202309141235/tools/bin/../lib/gcc/arm-none-eabi/11.3.1/../../../../arm-none-eabi/lib/thumb/v7e-m+fp/hard\libc_nano.a(libc_a-init.o)
 .debug_frame   0x00000000000068b8       0x2c C:/ST/STM32CubeIDE_1.14.0/STM32CubeIDE/plugins/com.st.stm32cube.ide.mcu.externaltools.gnu-tools-for-stm32.11.3.rel1.win32_1.1.100.202309141235/tools/bin/../lib/gcc/arm-none-eabi/11.3.1/thumb/v7e-m+fp/hard\libgcc.a(_aeabi_uldivmod.o)
 .debug_frame   0x00000000000068e4       0x34 C:/ST/STM32CubeIDE_1.14.0/STM32CubeIDE/plugins/com.st.stm32cube.ide.mcu.externaltools.gnu-tools-for-stm32.11.3.rel1.win32_1.1.100.202309141235/tools/bin/../lib/gcc/arm-none-eabi/11.3.1/thumb/v7e-m+fp/hard\libgcc.a(_udivmoddi4.o)

.debug_line_str
                0x0000000000000000       0x6b
 .debug_line_str
                0x0000000000000000       0x6b ./Core/Startup/startup_stm32l475vgtx.o
                                         0x83 (size before relaxing)
